Archive member included to satisfy reference by file (symbol)

C:/ST/STM32CubeIDE_1.18.1/STM32CubeIDE/plugins/com.st.stm32cube.ide.mcu.externaltools.gnu-tools-for-stm32.13.3.rel1.win32_1.0.0.202411081344/tools/bin/../lib/gcc/arm-none-eabi/13.3.1/../../../../arm-none-eabi/lib/thumb/v7e-m/nofp\libc_nano.a(libc_a-exit.o)
                              C:/ST/STM32CubeIDE_1.18.1/STM32CubeIDE/plugins/com.st.stm32cube.ide.mcu.externaltools.gnu-tools-for-stm32.13.3.rel1.win32_1.0.0.202411081344/tools/bin/../lib/gcc/arm-none-eabi/13.3.1/../../../../arm-none-eabi/lib/thumb/v7e-m/nofp/crt0.o (exit)
C:/ST/STM32CubeIDE_1.18.1/STM32CubeIDE/plugins/com.st.stm32cube.ide.mcu.externaltools.gnu-tools-for-stm32.13.3.rel1.win32_1.0.0.202411081344/tools/bin/../lib/gcc/arm-none-eabi/13.3.1/../../../../arm-none-eabi/lib/thumb/v7e-m/nofp\libc_nano.a(libc_a-findfp.o)
                              C:/ST/STM32CubeIDE_1.18.1/STM32CubeIDE/plugins/com.st.stm32cube.ide.mcu.externaltools.gnu-tools-for-stm32.13.3.rel1.win32_1.0.0.202411081344/tools/bin/../lib/gcc/arm-none-eabi/13.3.1/../../../../arm-none-eabi/lib/thumb/v7e-m/nofp\libc_nano.a(libc_a-exit.o) (__stdio_exit_handler)
C:/ST/STM32CubeIDE_1.18.1/STM32CubeIDE/plugins/com.st.stm32cube.ide.mcu.externaltools.gnu-tools-for-stm32.13.3.rel1.win32_1.0.0.202411081344/tools/bin/../lib/gcc/arm-none-eabi/13.3.1/../../../../arm-none-eabi/lib/thumb/v7e-m/nofp\libc_nano.a(libc_a-fwalk.o)
                              C:/ST/STM32CubeIDE_1.18.1/STM32CubeIDE/plugins/com.st.stm32cube.ide.mcu.externaltools.gnu-tools-for-stm32.13.3.rel1.win32_1.0.0.202411081344/tools/bin/../lib/gcc/arm-none-eabi/13.3.1/../../../../arm-none-eabi/lib/thumb/v7e-m/nofp\libc_nano.a(libc_a-findfp.o) (_fwalk_sglue)
C:/ST/STM32CubeIDE_1.18.1/STM32CubeIDE/plugins/com.st.stm32cube.ide.mcu.externaltools.gnu-tools-for-stm32.13.3.rel1.win32_1.0.0.202411081344/tools/bin/../lib/gcc/arm-none-eabi/13.3.1/../../../../arm-none-eabi/lib/thumb/v7e-m/nofp\libc_nano.a(libc_a-stdio.o)
                              C:/ST/STM32CubeIDE_1.18.1/STM32CubeIDE/plugins/com.st.stm32cube.ide.mcu.externaltools.gnu-tools-for-stm32.13.3.rel1.win32_1.0.0.202411081344/tools/bin/../lib/gcc/arm-none-eabi/13.3.1/../../../../arm-none-eabi/lib/thumb/v7e-m/nofp\libc_nano.a(libc_a-findfp.o) (__sread)
C:/ST/STM32CubeIDE_1.18.1/STM32CubeIDE/plugins/com.st.stm32cube.ide.mcu.externaltools.gnu-tools-for-stm32.13.3.rel1.win32_1.0.0.202411081344/tools/bin/../lib/gcc/arm-none-eabi/13.3.1/../../../../arm-none-eabi/lib/thumb/v7e-m/nofp\libc_nano.a(libc_a-memset.o)
                              C:/ST/STM32CubeIDE_1.18.1/STM32CubeIDE/plugins/com.st.stm32cube.ide.mcu.externaltools.gnu-tools-for-stm32.13.3.rel1.win32_1.0.0.202411081344/tools/bin/../lib/gcc/arm-none-eabi/13.3.1/../../../../arm-none-eabi/lib/thumb/v7e-m/nofp/crt0.o (memset)
C:/ST/STM32CubeIDE_1.18.1/STM32CubeIDE/plugins/com.st.stm32cube.ide.mcu.externaltools.gnu-tools-for-stm32.13.3.rel1.win32_1.0.0.202411081344/tools/bin/../lib/gcc/arm-none-eabi/13.3.1/../../../../arm-none-eabi/lib/thumb/v7e-m/nofp\libc_nano.a(libc_a-closer.o)
                              C:/ST/STM32CubeIDE_1.18.1/STM32CubeIDE/plugins/com.st.stm32cube.ide.mcu.externaltools.gnu-tools-for-stm32.13.3.rel1.win32_1.0.0.202411081344/tools/bin/../lib/gcc/arm-none-eabi/13.3.1/../../../../arm-none-eabi/lib/thumb/v7e-m/nofp\libc_nano.a(libc_a-stdio.o) (_close_r)
C:/ST/STM32CubeIDE_1.18.1/STM32CubeIDE/plugins/com.st.stm32cube.ide.mcu.externaltools.gnu-tools-for-stm32.13.3.rel1.win32_1.0.0.202411081344/tools/bin/../lib/gcc/arm-none-eabi/13.3.1/../../../../arm-none-eabi/lib/thumb/v7e-m/nofp\libc_nano.a(libc_a-reent.o)
                              C:/ST/STM32CubeIDE_1.18.1/STM32CubeIDE/plugins/com.st.stm32cube.ide.mcu.externaltools.gnu-tools-for-stm32.13.3.rel1.win32_1.0.0.202411081344/tools/bin/../lib/gcc/arm-none-eabi/13.3.1/../../../../arm-none-eabi/lib/thumb/v7e-m/nofp\libc_nano.a(libc_a-closer.o) (errno)
C:/ST/STM32CubeIDE_1.18.1/STM32CubeIDE/plugins/com.st.stm32cube.ide.mcu.externaltools.gnu-tools-for-stm32.13.3.rel1.win32_1.0.0.202411081344/tools/bin/../lib/gcc/arm-none-eabi/13.3.1/../../../../arm-none-eabi/lib/thumb/v7e-m/nofp\libc_nano.a(libc_a-impure.o)
                              C:/ST/STM32CubeIDE_1.18.1/STM32CubeIDE/plugins/com.st.stm32cube.ide.mcu.externaltools.gnu-tools-for-stm32.13.3.rel1.win32_1.0.0.202411081344/tools/bin/../lib/gcc/arm-none-eabi/13.3.1/../../../../arm-none-eabi/lib/thumb/v7e-m/nofp\libc_nano.a(libc_a-reent.o) (_impure_ptr)
C:/ST/STM32CubeIDE_1.18.1/STM32CubeIDE/plugins/com.st.stm32cube.ide.mcu.externaltools.gnu-tools-for-stm32.13.3.rel1.win32_1.0.0.202411081344/tools/bin/../lib/gcc/arm-none-eabi/13.3.1/../../../../arm-none-eabi/lib/thumb/v7e-m/nofp\libc_nano.a(libc_a-lseekr.o)
[...]
Memory Configuration

Name             Origin             Length             Attributes
CCMRAM           0x10000000         0x00010000         xrw
RAM              0x20000000         0x00020000         xrw
FLASH            0x08000000         0x00100000         xr
*default*        0x00000000         0xffffffff

Linker script and memory map

LOAD C:/ST/STM32CubeIDE_1.18.1/STM32CubeIDE/plugins/com.st.stm32cube.ide.mcu.externaltools.gnu-tools-for-stm32.13.3.rel1.win32_1.0.0.202411081344/tools/bin/../lib/gcc/arm-none-eabi/13.3.1/thumb/v7e-m/nofp/crti.o
LOAD C:/ST/STM32CubeIDE_1.18.1/STM32CubeIDE/plugins/com.st.stm32cube.ide.mcu.externaltools.gnu-tools-for-stm32.13.3.rel1.win32_1.0.0.202411081344/tools/bin/../lib/gcc/arm-none-eabi/13.3.1/thumb/v7e-m/nofp/crtbegin.o
LOAD C:/ST/STM32CubeIDE_1.18.1/STM32CubeIDE/plugins/com.st.stm32cube.ide.mcu.externaltools.gnu-tools-for-stm32.13.3.rel1.win32_1.0.0.202411081344/tools/bin/../lib/gcc/arm-none-eabi/13.3.1/../../../../arm-none-eabi/lib/thumb/v7e-m/nofp/crt0.o
LOAD ./Core/EventManagement/src/EventManagement.o
LOAD ./Core/EventManagement/src/EventManagement_Cfg.o
LOAD ./Core/ModeManagement/src/ModeManagement.o
LOAD ./Drivers/BSP/src/lcd.o
LOAD ./Drivers/HAL_Drivers/src/stm32f407xx_gpio_driver.o
LOAD ./Drivers/HAL_Drivers/src/stm32f407xx_rcc_driver.o
LOAD ./Drivers/HAL_Drivers/src/stm32f407xx_timer_driver.o
LOAD ./Drivers/HAL_Drivers/src/stm32f407xx_usart_driver.o
LOAD ./Middleware/Schedular/CoperativeSchedular/src/sched.o
LOAD ./Middleware/Schedular/CoperativeSchedular/src/task.o
LOAD ./Src/015uart_tx.o
LOAD ./Src/syscalls.o
LOAD ./Src/sysmem.o
LOAD ./Startup/startup_stm32f407vgtx.o
START GROUP
LOAD C:/ST/STM32CubeIDE_1.18.1/STM32CubeIDE/plugins/com.st.stm32cube.ide.mcu.externaltools.gnu-tools-for-stm32.13.3.rel1.win32_1.0.0.202411081344/tools/bin/../lib/gcc/arm-none-eabi/13.3.1/../../../../arm-none-eabi/lib/thumb/v7e-m/nofp\libc_nano.a
LOAD C:/ST/STM32CubeIDE_1.18.1/STM32CubeIDE/plugins/com.st.stm32cube.ide.mcu.externaltools.gnu-tools-for-stm32.13.3.rel1.win32_1.0.0.202411081344/tools/bin/../lib/gcc/arm-none-eabi/13.3.1/../../../../arm-none-eabi/lib/thumb/v7e-m/nofp\libm.a
END GROUP
START GROUP
LOAD C:/ST/STM32CubeIDE_1.18.1/STM32CubeIDE/plugins/com.st.stm32cube.ide.mcu.externaltools.gnu-tools-for-stm32.13.3.rel1.win32_1.0.0.202411081344/tools/bin/../lib/gcc/arm-none-eabi/13.3.1/thumb/v7e-m/nofp\libgcc.a
LOAD C:/ST/STM32CubeIDE_1.18.1/STM32CubeIDE/plugins/com.st.stm32cube.ide.mcu.externaltools.gnu-tools-for-stm32.13.3.rel1.win32_1.0.0.202411081344/tools/bin/../lib/gcc/arm-none-eabi/13.3.1/../../../../arm-none-eabi/lib/thumb/v7e-m/nofp\libc_nano.a
END GROUP
START GROUP
LOAD C:/ST/STM32CubeIDE_1.18.1/STM32CubeIDE/plugins/com.st.stm32cube.ide.mcu.externaltools.gnu-tools-for-stm32.13.3.rel1.win32_1.0.0.202411081344/tools/bin/../lib/gcc/arm-none-eabi/13.3.1/thumb/v7e-m/nofp\libgcc.a
LOAD C:/ST/STM32CubeIDE_1.18.1/STM32CubeIDE/plugins/com.st.stm32cube.ide.mcu.externaltools.gnu-tools-for-stm32.13.3.rel1.win32_1.0.0.202411081344/tools/bin/../lib/gcc/arm-none-eabi/13.3.1/../../../../arm-none-eabi/lib/thumb/v7e-m/nofp\libc_nano.a
LOAD C:/ST/STM32CubeIDE_1.18.1/STM32CubeIDE/plugins/com.st.stm32cube.ide.mcu.externaltools.gnu-tools-for-stm32.13.3.rel1.win32_1.0.0.202411081344/tools/bin/../lib/gcc/arm-none-eabi/13.3.1/../../../../arm-none-eabi/lib/thumb/v7e-m/nofp\libnosys.a
END GROUP
START GROUP
LOAD C:/ST/STM32CubeIDE_1.18.1/STM32CubeIDE/plugins/com.st.stm32cube.ide.mcu.externaltools.gnu-tools-for-stm32.13.3.rel1.win32_1.0.0.202411081344/tools/bin/../lib/gcc/arm-none-eabi/13.3.1/thumb/v7e-m/nofp\libgcc.a
LOAD C:/ST/STM32CubeIDE_1.18.1/STM32CubeIDE/plugins/com.st.stm32cube.ide.mcu.externaltools.gnu-tools-for-stm32.13.3.rel1.win32_1.0.0.202411081344/tools/bin/../lib/gcc/arm-none-eabi/13.3.1/../../../../arm-none-eabi/lib/thumb/v7e-m/nofp\libc_nano.a
LOAD C:/ST/STM32CubeIDE_1.18.1/STM32CubeIDE/plugins/com.st.stm32cube.ide.mcu.externaltools.gnu-tools-for-stm32.13.3.rel1.win32_1.0.0.202411081344/tools/bin/../lib/gcc/arm-none-eabi/13.3.1/../../../../arm-none-eabi/lib/thumb/v7e-m/nofp\libnosys.a
END GROUP
LOAD C:/ST/STM32CubeIDE_1.18.1/STM32CubeIDE/plugins/com.st.stm32cube.ide.mcu.externaltools.gnu-tools-for-stm32.13.3.rel1.win32_1.0.0.202411081344/tools/bin/../lib/gcc/arm-none-eabi/13.3.1/thumb/v7e-m/nofp/crtend.o
LOAD C:/ST/STM32CubeIDE_1.18.1/STM32CubeIDE/plugins/com.st.stm32cube.ide.mcu.externaltools.gnu-tools-for-stm32.13.3.rel1.win32_1.0.0.202411081344/tools/bin/../lib/gcc/arm-none-eabi/13.3.1/thumb/v7e-m/nofp/crtn.o
                0x20020000                        _estack = (ORIGIN (RAM) + LENGTH (RAM))
                0x00000200                        _Min_Heap_Size = 0x200
                0x00000400                        _Min_Stack_Size = 0x400

.isr_vector     0x08000000      0x188
                0x08000000                        . = ALIGN (0x4)
 *(.isr_vector)
 .isr_vector    0x08000000      0x188 ./Startup/startup_stm32f407vgtx.o
                0x08000000                g_pfnVectors
                0x08000188                        . = ALIGN (0x4)

.text           0x08000188      0xd5c
                0x08000188                        . = ALIGN (0x4)
 *(.text)
 .text          0x08000188       0x40 C:/ST/STM32CubeIDE_1.18.1/STM32CubeIDE/plugins/com.st.stm32cube.ide.mcu.externaltools.gnu-tools-for-stm32.13.3.rel1.win32_1.0.0.202411081344/tools/bin/../lib/gcc/arm-none-eabi/13.3.1/thumb/v7e-m/nofp/crtbegin.o
 .text          0x080001c8       0x10 C:/ST/STM32CubeIDE_1.18.1/STM32CubeIDE/plugins/com.st.stm32cube.ide.mcu.externaltools.gnu-tools-for-stm32.13.3.rel1.win32_1.0.0.202411081344/tools/bin/../lib/gcc/arm-none-eabi/13.3.1/../../../../arm-none-eabi/lib/thumb/v7e-m/nofp\libc_nano.a(libc_a-strlen.o)
                0x080001c8                strlen
 *(.text*)
 .text.EXTI0_IRQHandler
                0x080001d8       0x24 ./Core/EventManagement/src/EventManagement.o
                0x080001d8                EXTI0_IRQHandler
 .text.EXTI1_IRQHandler
                0x080001fc       0x24 ./Core/EventManagement/src/EventManagement.o
                0x080001fc                EXTI1_IRQHandler
 .text.EXTI2_IRQHandler
                0x08000220       0x24 ./Core/EventManagement/src/EventManagement.o
                0x08000220                EXTI2_IRQHandler
 .text.EXTI3_IRQHandler
                0x08000244       0x24 ./Core/EventManagement/src/EventManagement.o
                0x08000244                EXTI3_IRQHandler
 .text.EXTI4_IRQHandler
                0x08000268       0x24 ./Core/EventManagement/src/EventManagement.o
                0x08000268                EXTI4_IRQHandler
 .text.EXTI9_5_IRQHandler
                0x0800028c       0x24 ./Core/EventManagement/src/EventManagement.o
                0x0800028c                EXTI9_5_IRQHandler
 .text.GPIO_PeriClockControl
                0x080002b0      0x108 ./Drivers/HAL_Drivers/src/stm32f407xx_gpio_driver.o
                0x080002b0                GPIO_PeriClockControl
 .text.GPIO_Init
                0x080003b8      0x338 ./Drivers/HAL_Drivers/src/stm32f407xx_gpio_driver.o
                0x080003b8                GPIO_Init
 .text.GPIO_IRQHandling
                0x080006f0       0x40 ./Drivers/HAL_Drivers/src/stm32f407xx_gpio_driver.o
                0x080006f0                GPIO_IRQHandling
 .text.RCC_GetPCLK1Value
                0x08000730       0xb0 ./Drivers/HAL_Drivers/src/stm32f407xx_rcc_driver.o
                0x08000730                RCC_GetPCLK1Value
 .text.RCC_GetPCLK2Value
                0x080007e0       0xa0 ./Drivers/HAL_Drivers/src/stm32f407xx_rcc_driver.o
                0x080007e0                RCC_GetPCLK2Value
 .text.RCC_GetPLLOutputClock
                0x08000880        0xe ./Drivers/HAL_Drivers/src/stm32f407xx_rcc_driver.o
                0x08000880                RCC_GetPLLOutputClock
 *fill*         0x0800088e        0x2 
 .text.timer2_delay_ms
                0x08000890       0x34 ./Drivers/HAL_Drivers/src/stm32f407xx_timer_driver.o
                0x08000890                timer2_delay_ms
 .text.TIM2_IRQHandler
                0x080008c4        0xc ./Drivers/HAL_Drivers/src/stm32f407xx_timer_driver.o
                0x080008c4                TIM2_IRQHandler
 .text.TIM2_IRQHandler_Handler
                0x080008d0       0x64 ./Drivers/HAL_Drivers/src/stm32f407xx_timer_driver.o
 .text.TIM3_IRQHandler
                0x08000934       0x38 ./Drivers/HAL_Drivers/src/stm32f407xx_timer_driver.o
                0x08000934                TIM3_IRQHandler
 .text.USART_SetBaudRate
                0x0800096c       0xe4 ./Drivers/HAL_Drivers/src/stm32f407xx_usart_driver.o
                0x0800096c                USART_SetBaudRate
 .text.USART_Init
                0x08000a50      0x102 ./Drivers/HAL_Drivers/src/stm32f407xx_usart_driver.o
                0x08000a50                USART_Init
 .text.USART_PeripheralControl
                0x08000b52       0x36 ./Drivers/HAL_Drivers/src/stm32f407xx_usart_driver.o
                0x08000b52                USART_PeripheralControl
 .text.USART_PeriClockControl
                0x08000b88       0x88 ./Drivers/HAL_Drivers/src/stm32f407xx_usart_driver.o
                0x08000b88                USART_PeriClockControl
 .text.USART_GetFlagStatus
                0x08000c10       0x28 ./Drivers/HAL_Drivers/src/stm32f407xx_usart_driver.o
                0x08000c10                USART_GetFlagStatus
 .text.USART_SendData
                0x08000c38       0x9c ./Drivers/HAL_Drivers/src/stm32f407xx_usart_driver.o
                0x08000c38                USART_SendData
 .text.USART2_Init
                0x08000cd4       0x44 ./Src/015uart_tx.o
                0x08000cd4                USART2_Init
 .text.USART2_GPIOInit
                0x08000d18       0x44 ./Src/015uart_tx.o
                0x08000d18                USART2_GPIOInit
 .text.GPIO_ButtonInit
                0x08000d5c       0x5c ./Src/015uart_tx.o
                0x08000d5c                GPIO_ButtonInit
 .text.delay    0x08000db8       0x2c ./Src/015uart_tx.o
                0x08000db8                delay
 .text.main     0x08000de4       0x4c ./Src/015uart_tx.o
                0x08000de4                main
 .text.Reset_Handler
                0x08000e30       0x50 ./Startup/startup_stm32f407vgtx.o
                0x08000e30                Reset_Handler
 .text.Default_Handler
                0x08000e80        0x2 ./Startup/startup_stm32f407vgtx.o
                0x08000e80                RTC_Alarm_IRQHandler
                0x08000e80                HASH_RNG_IRQHandler
                0x08000e80                TIM8_CC_IRQHandler
                0x08000e80                DebugMon_Handler
                0x08000e80                TIM1_CC_IRQHandler
                0x08000e80                DMA2_Stream5_IRQHandler
                0x08000e80                HardFault_Handler
                0x08000e80                DMA1_Stream5_IRQHandler
                0x08000e80                SysTick_Handler
                0x08000e80                PVD_IRQHandler
                0x08000e80                SDIO_IRQHandler
                0x08000e80                TAMP_STAMP_IRQHandler
                0x08000e80                PendSV_Handler
                0x08000e80                NMI_Handler
                0x08000e80                CAN2_RX1_IRQHandler
                0x08000e80                TIM8_TRG_COM_TIM14_IRQHandler
                0x08000e80                TIM1_UP_TIM10_IRQHandler
                0x08000e80                TIM8_UP_TIM13_IRQHandler
                0x08000e80                I2C3_ER_IRQHandler
                0x08000e80                I2C2_EV_IRQHandler
                0x08000e80                DMA1_Stream2_IRQHandler
                0x08000e80                CAN1_RX0_IRQHandler
                0x08000e80                FPU_IRQHandler
                0x08000e80                OTG_HS_WKUP_IRQHandler
                0x08000e80                UsageFault_Handler
                0x08000e80                CAN2_SCE_IRQHandler
                0x08000e80                DMA2_Stream2_IRQHandler
                0x08000e80                SPI1_IRQHandler
                0x08000e80                TIM6_DAC_IRQHandler
                0x08000e80                TIM1_BRK_TIM9_IRQHandler
                0x08000e80                DCMI_IRQHandler
                0x08000e80                CAN2_RX0_IRQHandler
                0x08000e80                DMA2_Stream3_IRQHandler
                0x08000e80                USART6_IRQHandler
                0x08000e80                USART3_IRQHandler
                0x08000e80                CRYP_IRQHandler
                0x08000e80                CAN1_RX1_IRQHandler
                0x08000e80                UART5_IRQHandler
                0x08000e80                DMA2_Stream0_IRQHandler
                0x08000e80                TIM4_IRQHandler
                0x08000e80                I2C1_EV_IRQHandler
                0x08000e80                DMA1_Stream6_IRQHandler
                0x08000e80                DMA1_Stream1_IRQHandler
                0x08000e80                UART4_IRQHandler
                0x08000e80                RCC_IRQHandler
                0x08000e80                TIM8_BRK_TIM12_IRQHandler
                0x08000e80                Default_Handler
                0x08000e80                EXTI15_10_IRQHandler
                0x08000e80                ADC_IRQHandler
                0x08000e80                DMA1_Stream7_IRQHandler
                0x08000e80                TIM7_IRQHandler
                0x08000e80                CAN2_TX_IRQHandler
                0x08000e80                TIM5_IRQHandler
                0x08000e80                DMA2_Stream7_IRQHandler
                0x08000e80                I2C3_EV_IRQHandler
                0x08000e80                RTC_WKUP_IRQHandler
                0x08000e80                ETH_WKUP_IRQHandler
                0x08000e80                SPI2_IRQHandler
                0x08000e80                OTG_HS_EP1_IN_IRQHandler
                0x08000e80                MemManage_Handler
                0x08000e80                DMA1_Stream0_IRQHandler
                0x08000e80                CAN1_TX_IRQHandler
                0x08000e80                SVC_Handler
                0x08000e80                FSMC_IRQHandler
                0x08000e80                ETH_IRQHandler
                0x08000e80                OTG_HS_EP1_OUT_IRQHandler
                0x08000e80                WWDG_IRQHandler
                0x08000e80                OTG_FS_WKUP_IRQHandler
                0x08000e80                TIM1_TRG_COM_TIM11_IRQHandler
                0x08000e80                OTG_HS_IRQHandler
                0x08000e80                USART2_IRQHandler
                0x08000e80                I2C2_ER_IRQHandler
                0x08000e80                DMA2_Stream1_IRQHandler
                0x08000e80                CAN1_SCE_IRQHandler
                0x08000e80                DMA2_Stream4_IRQHandler
                0x08000e80                BusFault_Handler
                0x08000e80                USART1_IRQHandler
                0x08000e80                OTG_FS_IRQHandler
                0x08000e80                SPI3_IRQHandler
                0x08000e80                DMA1_Stream4_IRQHandler
                0x08000e80                I2C1_ER_IRQHandler
                0x08000e80                DMA2_Stream6_IRQHandler
                0x08000e80                DMA1_Stream3_IRQHandler
 *fill*         0x08000e82        0x2 
 .text.__libc_init_array
                0x08000e84       0x48 C:/ST/STM32CubeIDE_1.18.1/STM32CubeIDE/plugins/com.st.stm32cube.ide.mcu.externaltools.gnu-tools-for-stm32.13.3.rel1.win32_1.0.0.202411081344/tools/bin/../lib/gcc/arm-none-eabi/13.3.1/../../../../arm-none-eabi/lib/thumb/v7e-m/nofp\libc_nano.a(libc_a-init.o)
                0x08000e84                __libc_init_array
 *(.glue_7)
 .glue_7        0x08000ecc        0x0 linker stubs
 *(.glue_7t)
 .glue_7t       0x08000ecc        0x0 linker stubs
 *(.eh_frame)
 .eh_frame      0x08000ecc        0x0 C:/ST/STM32CubeIDE_1.18.1/STM32CubeIDE/plugins/com.st.stm32cube.ide.mcu.externaltools.gnu-tools-for-stm32.13.3.rel1.win32_1.0.0.202411081344/tools/bin/../lib/gcc/arm-none-eabi/13.3.1/thumb/v7e-m/nofp/crtbegin.o
 *(.init)
 .init          0x08000ecc        0x4 C:/ST/STM32CubeIDE_1.18.1/STM32CubeIDE/plugins/com.st.stm32cube.ide.mcu.externaltools.gnu-tools-for-stm32.13.3.rel1.win32_1.0.0.202411081344/tools/bin/../lib/gcc/arm-none-eabi/13.3.1/thumb/v7e-m/nofp/crti.o
                0x08000ecc                _init
 .init          0x08000ed0        0x8 C:/ST/STM32CubeIDE_1.18.1/STM32CubeIDE/plugins/com.st.stm32cube.ide.mcu.externaltools.gnu-tools-for-stm32.13.3.rel1.win32_1.0.0.202411081344/tools/bin/../lib/gcc/arm-none-eabi/13.3.1/thumb/v7e-m/nofp/crtn.o
 *(.fini)
 .fini          0x08000ed8        0x4 C:/ST/STM32CubeIDE_1.18.1/STM32CubeIDE/plugins/com.st.stm32cube.ide.mcu.externaltools.gnu-tools-for-stm32.13.3.rel1.win32_1.0.0.202411081344/tools/bin/../lib/gcc/arm-none-eabi/13.3.1/thumb/v7e-m/nofp/crti.o
                0x08000ed8                _fini
 .fini          0x08000edc        0x8 C:/ST/STM32CubeIDE_1.18.1/STM32CubeIDE/plugins/com.st.stm32cube.ide.mcu.externaltools.gnu-tools-for-stm32.13.3.rel1.win32_1.0.0.202411081344/tools/bin/../lib/gcc/arm-none-eabi/13.3.1/thumb/v7e-m/nofp/crtn.o
                0x08000ee4                        . = ALIGN (0x4)
                0x08000ee4                        _etext = .

.vfp11_veneer   0x08000ee4        0x0
 .vfp11_veneer  0x08000ee4        0x0 linker stubs

.v4_bx          0x08000ee4        0x0
 .v4_bx         0x08000ee4        0x0 linker stubs

.iplt           0x08000ee4        0x0
 .iplt          0x08000ee4        0x0 C:/ST/STM32CubeIDE_1.18.1/STM32CubeIDE/plugins/com.st.stm32cube.ide.mcu.externaltools.gnu-tools-for-stm32.13.3.rel1.win32_1.0.0.202411081344/tools/bin/../lib/gcc/arm-none-eabi/13.3.1/thumb/v7e-m/nofp/crtbegin.o

.rodata         0x08000ee4        0x0
                0x08000ee4                        . = ALIGN (0x4)
 *(.rodata)
 *(.rodata*)
                0x08000ee4                        . = ALIGN (0x4)

.ARM.extab      0x08000ee4        0x0
                0x08000ee4                        . = ALIGN (0x4)
 *(.ARM.extab* .gnu.linkonce.armextab.*)
                0x08000ee4                        . = ALIGN (0x4)

.ARM            0x08000ee4        0x8
                0x08000ee4                        . = ALIGN (0x4)
                0x08000ee4                        __exidx_start = .
 *(.ARM.exidx*)
 .ARM.exidx     0x08000ee4        0x8 C:/ST/STM32CubeIDE_1.18.1/STM32CubeIDE/plugins/com.st.stm32cube.ide.mcu.externaltools.gnu-tools-for-stm32.13.3.rel1.win32_1.0.0.202411081344/tools/bin/../lib/gcc/arm-none-eabi/13.3.1/../../../../arm-none-eabi/lib/thumb/v7e-m/nofp\libc_nano.a(libc_a-strlen.o)
                0x08000eec                        __exidx_end = .
                0x08000eec                        . = ALIGN (0x4)

.preinit_array  0x08000eec        0x0
                0x08000eec                        . = ALIGN (0x4)
                0x08000eec                        PROVIDE (__preinit_array_start = .)
 *(.preinit_array*)
                0x08000eec                        PROVIDE (__preinit_array_end = .)
                0x08000eec                        . = ALIGN (0x4)

.init_array     0x08000eec        0x4
                0x08000eec                        . = ALIGN (0x4)
                0x08000eec                        PROVIDE (__init_array_start = .)
 *(SORT_BY_NAME(.init_array.*))
 *(.init_array*)
 .init_array    0x08000eec        0x4 C:/ST/STM32CubeIDE_1.18.1/STM32CubeIDE/plugins/com.st.stm32cube.ide.mcu.externaltools.gnu-tools-for-stm32.13.3.rel1.win32_1.0.0.202411081344/tools/bin/../lib/gcc/arm-none-eabi/13.3.1/thumb/v7e-m/nofp/crtbegin.o
                0x08000ef0                        PROVIDE (__init_array_end = .)
                0x08000ef0                        . = ALIGN (0x4)

.fini_array     0x08000ef0        0x4
                0x08000ef0                        . = ALIGN (0x4)
                [!provide]                        PROVIDE (__fini_array_start = .)
 *(SORT_BY_NAME(.fini_array.*))
 *(.fini_array*)
 .fini_array    0x08000ef0        0x4 C:/ST/STM32CubeIDE_1.18.1/STM32CubeIDE/plugins/com.st.stm32cube.ide.mcu.externaltools.gnu-tools-for-stm32.13.3.rel1.win32_1.0.0.202411081344/tools/bin/../lib/gcc/arm-none-eabi/13.3.1/thumb/v7e-m/nofp/crtbegin.o
                [!provide]                        PROVIDE (__fini_array_end = .)
                0x08000ef4                        . = ALIGN (0x4)
                0x08000ef4                        _sidata = LOADADDR (.data)

.rel.dyn        0x08000ef4        0x0
 .rel.iplt      0x08000ef4        0x0 C:/ST/STM32CubeIDE_1.18.1/STM32CubeIDE/plugins/com.st.stm32cube.ide.mcu.externaltools.gnu-tools-for-stm32.13.3.rel1.win32_1.0.0.202411081344/tools/bin/../lib/gcc/arm-none-eabi/13.3.1/thumb/v7e-m/nofp/crtbegin.o

.data           0x20000000      0x414 load address 0x08000ef4
                0x20000000                        . = ALIGN (0x4)
                0x20000000                        _sdata = .
 *(.data)
 *(.data*)
 .data.AHB_PreScaler
                0x20000000       0x10 ./Drivers/HAL_Drivers/src/stm32f407xx_rcc_driver.o
                0x20000000                AHB_PreScaler
 .data.APB1_PreScaler
                0x20000010        0x4 ./Drivers/HAL_Drivers/src/stm32f407xx_rcc_driver.o
                0x20000010                APB1_PreScaler
 .data.msg      0x20000014      0x400 ./Src/015uart_tx.o
                0x20000014                msg
 *(.RamFunc)
 *(.RamFunc*)
                0x20000414                        . = ALIGN (0x4)
                0x20000414                        _edata = .
                0x08001308                        _siccmram = LOADADDR (.ccmram)

.igot.plt       0x20000414        0x0 load address 0x08001308
 .igot.plt      0x20000414        0x0 C:/ST/STM32CubeIDE_1.18.1/STM32CubeIDE/plugins/com.st.stm32cube.ide.mcu.externaltools.gnu-tools-for-stm32.13.3.rel1.win32_1.0.0.202411081344/tools/bin/../lib/gcc/arm-none-eabi/13.3.1/thumb/v7e-m/nofp/crtbegin.o

.ccmram         0x10000000        0x0 load address 0x08001308
                0x10000000                        . = ALIGN (0x4)
                0x10000000                        _sccmram = .
 *(.ccmram)
 *(.ccmram*)
                0x10000000                        . = ALIGN (0x4)
                0x10000000                        _eccmram = .
                0x10000000                        . = ALIGN (0x4)

.bss            0x20000414       0x50
                0x20000414                        _sbss = .
                0x20000414                        __bss_start__ = _sbss
 *(.bss)
 .bss           0x20000414       0x1c C:/ST/STM32CubeIDE_1.18.1/STM32CubeIDE/plugins/com.st.stm32cube.ide.mcu.externaltools.gnu-tools-for-stm32.13.3.rel1.win32_1.0.0.202411081344/tools/bin/../lib/gcc/arm-none-eabi/13.3.1/thumb/v7e-m/nofp/crtbegin.o
 *(.bss*)
 .bss.Event_Key
                0x20000430        0x2 ./Core/EventManagement/src/EventManagement.o
                0x20000430                Event_Key
 *fill*         0x20000432        0x2 
 .bss.delay_counter
                0x20000434        0x4 ./Drivers/HAL_Drivers/src/stm32f407xx_timer_driver.o
 .bss.os_tick_count
                0x20000438        0x4 ./Drivers/HAL_Drivers/src/stm32f407xx_timer_driver.o
                0x20000438                os_tick_count
 .bss.delay_done
                0x2000043c        0x1 ./Drivers/HAL_Drivers/src/stm32f407xx_timer_driver.o
                0x2000043c                delay_done
 *fill*         0x2000043d        0x3 
 .bss.usart2_handle
                0x20000440       0x24 ./Src/015uart_tx.o
                0x20000440                usart2_handle
 *(COMMON)
                0x20000464                        . = ALIGN (0x4)
                0x20000464                        _ebss = .
                0x20000464                        __bss_end__ = _ebss

._user_heap_stack
                0x20000464      0x604
                0x20000468                        . = ALIGN (0x8)
 *fill*         0x20000464        0x4 
                [!provide]                        PROVIDE (end = .)
                0x20000468                        PROVIDE (_end = .)
                0x20000668                        . = (. + _Min_Heap_Size)
 *fill*         0x20000468      0x200 
                0x20000a68                        . = (. + _Min_Stack_Size)
 *fill*         0x20000668      0x400 
                0x20000a68                        . = ALIGN (0x8)

/DISCARD/
 libc.a(*)
 libm.a(*)
 libgcc.a(*)

.ARM.attributes
                0x00000000       0x2a
 *(.ARM.attributes)
 .ARM.attributes
                0x00000000       0x1e C:/ST/STM32CubeIDE_1.18.1/STM32CubeIDE/plugins/com.st.stm32cube.ide.mcu.externaltools.gnu-tools-for-stm32.13.3.rel1.win32_1.0.0.202411081344/tools/bin/../lib/gcc/arm-none-eabi/13.3.1/thumb/v7e-m/nofp/crti.o
 .ARM.attributes
                0x0000001e       0x2e C:/ST/STM32CubeIDE_1.18.1/STM32CubeIDE/plugins/com.st.stm32cube.ide.mcu.externaltools.gnu-tools-for-stm32.13.3.rel1.win32_1.0.0.202411081344/tools/bin/../lib/gcc/arm-none-eabi/13.3.1/thumb/v7e-m/nofp/crtbegin.o
 .ARM.attributes
                0x0000004c       0x2e ./Core/EventManagement/src/EventManagement.o
 .ARM.attributes
                0x0000007a       0x2e ./Drivers/HAL_Drivers/src/stm32f407xx_gpio_driver.o
 .ARM.attributes
                0x000000a8       0x2e ./Drivers/HAL_Drivers/src/stm32f407xx_rcc_driver.o
 .ARM.attributes
                0x000000d6       0x2e ./Drivers/HAL_Drivers/src/stm32f407xx_timer_driver.o
 .ARM.attributes
                0x00000104       0x2e ./Drivers/HAL_Drivers/src/stm32f407xx_usart_driver.o
 .ARM.attributes
                0x00000132       0x2e ./Src/015uart_tx.o
 .ARM.attributes
                0x00000160       0x21 ./Startup/startup_stm32f407vgtx.o
 .ARM.attributes
                0x00000181       0x2e C:/ST/STM32CubeIDE_1.18.1/STM32CubeIDE/plugins/com.st.stm32cube.ide.mcu.externaltools.gnu-tools-for-stm32.13.3.rel1.win32_1.0.0.202411081344/tools/bin/../lib/gcc/arm-none-eabi/13.3.1/../../../../arm-none-eabi/lib/thumb/v7e-m/nofp\libc_nano.a(libc_a-init.o)
 .ARM.attributes
                0x000001af       0x17 C:/ST/STM32CubeIDE_1.18.1/STM32CubeIDE/plugins/com.st.stm32cube.ide.mcu.externaltools.gnu-tools-for-stm32.13.3.rel1.win32_1.0.0.202411081344/tools/bin/../lib/gcc/arm-none-eabi/13.3.1/../../../../arm-none-eabi/lib/thumb/v7e-m/nofp\libc_nano.a(libc_a-strlen.o)
 .ARM.attributes
                0x000001c6       0x1e C:/ST/STM32CubeIDE_1.18.1/STM32CubeIDE/plugins/com.st.stm32cube.ide.mcu.externaltools.gnu-tools-for-stm32.13.3.rel1.win32_1.0.0.202411081344/tools/bin/../lib/gcc/arm-none-eabi/13.3.1/thumb/v7e-m/nofp/crtn.o
OUTPUT(EVM_Project.elf elf32-littlearm)
LOAD linker stubs
LOAD C:/ST/STM32CubeIDE_1.18.1/STM32CubeIDE/plugins/com.st.stm32cube.ide.mcu.externaltools.gnu-tools-for-stm32.13.3.rel1.win32_1.0.0.202411081344/tools/bin/../lib/gcc/arm-none-eabi/13.3.1/../../../../arm-none-eabi/lib/thumb/v7e-m/nofp\libc.a
LOAD C:/ST/STM32CubeIDE_1.18.1/STM32CubeIDE/plugins/com.st.stm32cube.ide.mcu.externaltools.gnu-tools-for-stm32.13.3.rel1.win32_1.0.0.202411081344/tools/bin/../lib/gcc/arm-none-eabi/13.3.1/../../../../arm-none-eabi/lib/thumb/v7e-m/nofp\libm.a
LOAD C:/ST/STM32CubeIDE_1.18.1/STM32CubeIDE/plugins/com.st.stm32cube.ide.mcu.externaltools.gnu-tools-for-stm32.13.3.rel1.win32_1.0.0.202411081344/tools/bin/../lib/gcc/arm-none-eabi/13.3.1/thumb/v7e-m/nofp\libgcc.a

.debug_info     0x00000000     0x20ef
 .debug_info    0x00000000      0x504 ./Core/EventManagement/src/EventManagement.o
 .debug_info    0x00000504      0x770 ./Drivers/HAL_Drivers/src/stm32f407xx_gpio_driver.o
 .debug_info    0x00000c74      0x393 ./Drivers/HAL_Drivers/src/stm32f407xx_rcc_driver.o
 .debug_info    0x00001007      0x3d4 ./Drivers/HAL_Drivers/src/stm32f407xx_timer_driver.o
 .debug_info    0x000013db      0x824 ./Drivers/HAL_Drivers/src/stm32f407xx_usart_driver.o
 .debug_info    0x00001bff      0x4c0 ./Src/015uart_tx.o
 .debug_info    0x000020bf       0x30 ./Startup/startup_stm32f407vgtx.o

.debug_abbrev   0x00000000      0xa45
 .debug_abbrev  0x00000000      0x229 ./Core/EventManagement/src/EventManagement.o
 .debug_abbrev  0x00000229      0x17a ./Drivers/HAL_Drivers/src/stm32f407xx_gpio_driver.o
 .debug_abbrev  0x000003a3      0x113 ./Drivers/HAL_Drivers/src/stm32f407xx_rcc_driver.o
 .debug_abbrev  0x000004b6      0x187 ./Drivers/HAL_Drivers/src/stm32f407xx_timer_driver.o
 .debug_abbrev  0x0000063d      0x20b ./Drivers/HAL_Drivers/src/stm32f407xx_usart_driver.o
 .debug_abbrev  0x00000848      0x1d9 ./Src/015uart_tx.o
 .debug_abbrev  0x00000a21       0x24 ./Startup/startup_stm32f407vgtx.o

.debug_aranges  0x00000000      0x260
 .debug_aranges
                0x00000000       0x70 ./Core/EventManagement/src/EventManagement.o
 .debug_aranges
                0x00000070       0x70 ./Drivers/HAL_Drivers/src/stm32f407xx_gpio_driver.o
 .debug_aranges
                0x000000e0       0x30 ./Drivers/HAL_Drivers/src/stm32f407xx_rcc_driver.o
 .debug_aranges
                0x00000110       0x60 ./Drivers/HAL_Drivers/src/stm32f407xx_timer_driver.o
 .debug_aranges
                0x00000170       0x88 ./Drivers/HAL_Drivers/src/stm32f407xx_usart_driver.o
 .debug_aranges
                0x000001f8       0x40 ./Src/015uart_tx.o
 .debug_aranges
                0x00000238       0x28 ./Startup/startup_stm32f407vgtx.o

.debug_rnglists
                0x00000000      0x1c0
 .debug_rnglists
                0x00000000       0x5d ./Core/EventManagement/src/EventManagement.o
 .debug_rnglists
                0x0000005d       0x53 ./Drivers/HAL_Drivers/src/stm32f407xx_gpio_driver.o
 .debug_rnglists
                0x000000b0       0x21 ./Drivers/HAL_Drivers/src/stm32f407xx_rcc_driver.o
 .debug_rnglists
                0x000000d1       0x43 ./Drivers/HAL_Drivers/src/stm32f407xx_timer_driver.o
 .debug_rnglists
                0x00000114       0x68 ./Drivers/HAL_Drivers/src/stm32f407xx_usart_driver.o
 .debug_rnglists
                0x0000017c       0x2b ./Src/015uart_tx.o
 .debug_rnglists
                0x000001a7       0x19 ./Startup/startup_stm32f407vgtx.o

.debug_macro    0x00000000     0x2407
 .debug_macro   0x00000000       0xdb ./Core/EventManagement/src/EventManagement.o
 .debug_macro   0x000000db      0xad8 ./Core/EventManagement/src/EventManagement.o
 .debug_macro   0x00000bb3       0x22 ./Core/EventManagement/src/EventManagement.o
 .debug_macro   0x00000bd5       0x8e ./Core/EventManagement/src/EventManagement.o
 .debug_macro   0x00000c63       0x51 ./Core/EventManagement/src/EventManagement.o
 .debug_macro   0x00000cb4      0x103 ./Core/EventManagement/src/EventManagement.o
 .debug_macro   0x00000db7       0x6a ./Core/EventManagement/src/EventManagement.o
 .debug_macro   0x00000e21      0x1df ./Core/EventManagement/src/EventManagement.o
 .debug_macro   0x00001000      0x190 ./Core/EventManagement/src/EventManagement.o
 .debug_macro   0x00001190      0x674 ./Core/EventManagement/src/EventManagement.o
 .debug_macro   0x00001804      0x102 ./Core/EventManagement/src/EventManagement.o
 .debug_macro   0x00001906       0x90 ./Core/EventManagement/src/EventManagement.o
 .debug_macro   0x00001996       0xc4 ./Core/EventManagement/src/EventManagement.o
 .debug_macro   0x00001a5a       0x46 ./Core/EventManagement/src/EventManagement.o
 .debug_macro   0x00001aa0       0x52 ./Core/EventManagement/src/EventManagement.o
 .debug_macro   0x00001af2       0xb3 ./Drivers/HAL_Drivers/src/stm32f407xx_gpio_driver.o
 .debug_macro   0x00001ba5       0xad ./Drivers/HAL_Drivers/src/stm32f407xx_rcc_driver.o
 .debug_macro   0x00001c52       0xb3 ./Drivers/HAL_Drivers/src/stm32f407xx_timer_driver.o
 .debug_macro   0x00001d05       0xb3 ./Drivers/HAL_Drivers/src/stm32f407xx_usart_driver.o
 .debug_macro   0x00001db8      0x1ab ./Src/015uart_tx.o
 .debug_macro   0x00001f63       0x5b ./Src/015uart_tx.o
 .debug_macro   0x00001fbe       0x94 ./Src/015uart_tx.o
 .debug_macro   0x00002052       0x16 ./Src/015uart_tx.o
 .debug_macro   0x00002068       0x57 ./Src/015uart_tx.o
 .debug_macro   0x000020bf       0x9e ./Src/015uart_tx.o
 .debug_macro   0x0000215d      0x112 ./Src/015uart_tx.o
 .debug_macro   0x0000226f       0x10 ./Src/015uart_tx.o
 .debug_macro   0x0000227f       0x16 ./Src/015uart_tx.o
 .debug_macro   0x00002295       0x16 ./Src/015uart_tx.o
 .debug_macro   0x000022ab      0x146 ./Src/015uart_tx.o
 .debug_macro   0x000023f1       0x16 ./Src/015uart_tx.o

.debug_line     0x00000000     0x30fe
 .debug_line    0x00000000      0x7ab ./Core/EventManagement/src/EventManagement.o
 .debug_line    0x000007ab      0xa0f ./Drivers/HAL_Drivers/src/stm32f407xx_gpio_driver.o
 .debug_line    0x000011ba      0x5cd ./Drivers/HAL_Drivers/src/stm32f407xx_rcc_driver.o
 .debug_line    0x00001787      0x673 ./Drivers/HAL_Drivers/src/stm32f407xx_timer_driver.o
 .debug_line    0x00001dfa      0xb4f ./Drivers/HAL_Drivers/src/stm32f407xx_usart_driver.o
 .debug_line    0x00002949      0x73a ./Src/015uart_tx.o
 .debug_line    0x00003083       0x7b ./Startup/startup_stm32f407vgtx.o

.debug_str      0x00000000     0xa849
 .debug_str     0x00000000     0xa849 ./Core/EventManagement/src/EventManagement.o
                               0x6aa7 (size before relaxing)
 .debug_str     0x0000a849     0x68b3 ./Drivers/HAL_Drivers/src/stm32f407xx_gpio_driver.o
 .debug_str     0x0000a849     0x66f3 ./Drivers/HAL_Drivers/src/stm32f407xx_rcc_driver.o
 .debug_str     0x0000a849     0x6737 ./Drivers/HAL_Drivers/src/stm32f407xx_timer_driver.o
 .debug_str     0x0000a849     0x6928 ./Drivers/HAL_Drivers/src/stm32f407xx_usart_driver.o
 .debug_str     0x0000a849     0x9f9c ./Src/015uart_tx.o
 .debug_str     0x0000a849       0x86 ./Startup/startup_stm32f407vgtx.o

.comment        0x00000000       0x43
 .comment       0x00000000       0x43 ./Core/EventManagement/src/EventManagement.o
                                 0x44 (size before relaxing)
 .comment       0x00000043       0x44 ./Drivers/HAL_Drivers/src/stm32f407xx_gpio_driver.o
 .comment       0x00000043       0x44 ./Drivers/HAL_Drivers/src/stm32f407xx_rcc_driver.o
 .comment       0x00000043       0x44 ./Drivers/HAL_Drivers/src/stm32f407xx_timer_driver.o
 .comment       0x00000043       0x44 ./Drivers/HAL_Drivers/src/stm32f407xx_usart_driver.o
 .comment       0x00000043       0x44 ./Src/015uart_tx.o

.debug_frame    0x00000000      0x7ec
 .debug_frame   0x00000000      0x164 ./Core/EventManagement/src/EventManagement.o
 .debug_frame   0x00000164      0x1c8 ./Drivers/HAL_Drivers/src/stm32f407xx_gpio_driver.o
 .debug_frame   0x0000032c       0x7c ./Drivers/HAL_Drivers/src/stm32f407xx_rcc_driver.o
 .debug_frame   0x000003a8      0x130 ./Drivers/HAL_Drivers/src/stm32f407xx_timer_driver.o
 .debug_frame   0x000004d8      0x230 ./Drivers/HAL_Drivers/src/stm32f407xx_usart_driver.o
 .debug_frame   0x00000708       0xb8 ./Src/015uart_tx.o
 .debug_frame   0x000007c0       0x2c C:/ST/STM32CubeIDE_1.18.1/STM32CubeIDE/plugins/com.st.stm32cube.ide.mcu.externaltools.gnu-tools-for-stm32.13.3.rel1.win32_1.0.0.202411081344/tools/bin/../lib/gcc/arm-none-eabi/13.3.1/../../../../arm-none-eabi/lib/thumb/v7e-m/nofp\libc_nano.a(libc_a-init.o)

.debug_line_str
                0x00000000       0x6a
 .debug_line_str
                0x00000000       0x6a ./Startup/startup_stm32f407vgtx.o
