Archive member included to satisfy reference by file (symbol)

C:/ST/STM32CubeIDE_1.18.1/STM32CubeIDE/plugins/com.st.stm32cube.ide.mcu.externaltools.gnu-tools-for-stm32.13.3.rel1.win32_1.0.0.202411081344/tools/bin/../lib/gcc/arm-none-eabi/13.3.1/../../../../arm-none-eabi/lib/thumb/v7e-m/nofp\libc_nano.a(libc_a-exit.o)
                              C:/ST/STM32CubeIDE_1.18.1/STM32CubeIDE/plugins/com.st.stm32cube.ide.mcu.externaltools.gnu-tools-for-stm32.13.3.rel1.win32_1.0.0.202411081344/tools/bin/../lib/gcc/arm-none-eabi/13.3.1/../../../../arm-none-eabi/lib/thumb/v7e-m/nofp/crt0.o (exit)
C:/ST/STM32CubeIDE_1.18.1/STM32CubeIDE/plugins/com.st.stm32cube.ide.mcu.externaltools.gnu-tools-for-stm32.13.3.rel1.win32_1.0.0.202411081344/tools/bin/../lib/gcc/arm-none-eabi/13.3.1/../../../../arm-none-eabi/lib/thumb/v7e-m/nofp\libc_nano.a(libc_a-findfp.o)
                              C:/ST/STM32CubeIDE_1.18.1/STM32CubeIDE/plugins/com.st.stm32cube.ide.mcu.externaltools.gnu-tools-for-stm32.13.3.rel1.win32_1.0.0.202411081344/tools/bin/../lib/gcc/arm-none-eabi/13.3.1/../../../../arm-none-eabi/lib/thumb/v7e-m/nofp\libc_nano.a(libc_a-exit.o) (__stdio_exit_handler)
C:/ST/STM32CubeIDE_1.18.1/STM32CubeIDE/plugins/com.st.stm32cube.ide.mcu.externaltools.gnu-tools-for-stm32.13.3.rel1.win32_1.0.0.202411081344/tools/bin/../lib/gcc/arm-none-eabi/13.3.1/../../../../arm-none-eabi/lib/thumb/v7e-m/nofp\libc_nano.a(libc_a-fwalk.o)
                              C:/ST/STM32CubeIDE_1.18.1/STM32CubeIDE/plugins/com.st.stm32cube.ide.mcu.externaltools.gnu-tools-for-stm32.13.3.rel1.win32_1.0.0.202411081344/tools/bin/../lib/gcc/arm-none-eabi/13.3.1/../../../../arm-none-eabi/lib/thumb/v7e-m/nofp\libc_nano.a(libc_a-findfp.o) (_fwalk_sglue)
C:/ST/STM32CubeIDE_1.18.1/STM32CubeIDE/plugins/com.st.stm32cube.ide.mcu.externaltools.gnu-tools-for-stm32.13.3.rel1.win32_1.0.0.202411081344/tools/bin/../lib/gcc/arm-none-eabi/13.3.1/../../../../arm-none-eabi/lib/thumb/v7e-m/nofp\libc_nano.a(libc_a-printf.o)
                              ./Src/015uart_tx2.o (printf)
C:/ST/STM32CubeIDE_1.18.1/STM32CubeIDE/plugins/com.st.stm32cube.ide.mcu.externaltools.gnu-tools-for-stm32.13.3.rel1.win32_1.0.0.202411081344/tools/bin/../lib/gcc/arm-none-eabi/13.3.1/../../../../arm-none-eabi/lib/thumb/v7e-m/nofp\libc_nano.a(libc_a-puts.o)
                              ./Src/015uart_tx2.o (puts)
C:/ST/STM32CubeIDE_1.18.1/STM32CubeIDE/plugins/com.st.stm32cube.ide.mcu.externaltools.gnu-tools-for-stm32.13.3.rel1.win32_1.0.0.202411081344/tools/bin/../lib/gcc/arm-none-eabi/13.3.1/../../../../arm-none-eabi/lib/thumb/v7e-m/nofp\libc_nano.a(libc_a-sprintf.o)
                              ./Core/ModeManagement/src/ModeManagement.o (sprintf)
C:/ST/STM32CubeIDE_1.18.1/STM32CubeIDE/plugins/com.st.stm32cube.ide.mcu.externaltools.gnu-tools-for-stm32.13.3.rel1.win32_1.0.0.202411081344/tools/bin/../lib/gcc/arm-none-eabi/13.3.1/../../../../arm-none-eabi/lib/thumb/v7e-m/nofp\libc_nano.a(libc_a-stdio.o)
                              C:/ST/STM32CubeIDE_1.18.1/STM32CubeIDE/plugins/com.st.stm32cube.ide.mcu.externaltools.gnu-tools-for-stm32.13.3.rel1.win32_1.0.0.202411081344/tools/bin/../lib/gcc/arm-none-eabi/13.3.1/../../../../arm-none-eabi/lib/thumb/v7e-m/nofp\libc_nano.a(libc_a-findfp.o) (__sread)
C:/ST/STM32CubeIDE_1.18.1/STM32CubeIDE/plugins/com.st.stm32cube.ide.mcu.externaltools.gnu-tools-for-stm32.13.3.rel1.win32_1.0.0.202411081344/tools/bin/../lib/gcc/arm-none-eabi/13.3.1/../../../../arm-none-eabi/lib/thumb/v7e-m/nofp\libc_nano.a(libc_a-wbuf.o)
                              C:/ST/STM32CubeIDE_1.18.1/STM32CubeIDE/plugins/com.st.stm32cube.ide.mcu.externaltools.gnu-tools-for-stm32.13.3.rel1.win32_1.0.0.202411081344/tools/bin/../lib/gcc/arm-none-eabi/13.3.1/../../../../arm-none-eabi/lib/thumb/v7e-m/nofp\libc_nano.a(libc_a-puts.o) (__swbuf_r)
C:/ST/STM32CubeIDE_1.18.1/STM32CubeIDE/plugins/com.st.stm32cube.ide.mcu.externaltools.gnu-tools-for-stm32.13.3.rel1.win32_1.0.0.202411081344/tools/bin/../lib/gcc/arm-none-eabi/13.3.1/../../../../arm-none-eabi/lib/thumb/v7e-m/nofp\libc_nano.a(libc_a-wsetup.o)
                              C:/ST/STM32CubeIDE_1.18.1/STM32CubeIDE/plugins/com.st.stm32cube.ide.mcu.externaltools.gnu-tools-for-stm32.13.3.rel1.win32_1.0.0.202411081344/tools/bin/../lib/gcc/arm-none-eabi/13.3.1/../../../../arm-none-eabi/lib/thumb/v7e-m/nofp\libc_nano.a(libc_a-puts.o) (__swsetup_r)
C:/ST/STM32CubeIDE_1.18.1/STM32CubeIDE/plugins/com.st.stm32cube.ide.mcu.externaltools.gnu-tools-for-stm32.13.3.rel1.win32_1.0.0.202411081344/tools/bin/../lib/gcc/arm-none-eabi/13.3.1/../../../../arm-none-eabi/lib/thumb/v7e-m/nofp\libc_nano.a(libc_a-memset.o)
                              C:/ST/STM32CubeIDE_1.18.1/STM32CubeIDE/plugins/com.st.stm32cube.ide.mcu.externaltools.gnu-tools-for-stm32.13.3.rel1.win32_1.0.0.202411081344/tools/bin/../lib/gcc/arm-none-eabi/13.3.1/../../../../arm-none-eabi/lib/thumb/v7e-m/nofp/crt0.o (memset)
[...]
Memory Configuration

Name             Origin             Length             Attributes
CCMRAM           0x10000000         0x00010000         xrw
RAM              0x20000000         0x00020000         xrw
FLASH            0x08000000         0x00100000         xr
*default*        0x00000000         0xffffffff

Linker script and memory map

LOAD C:/ST/STM32CubeIDE_1.18.1/STM32CubeIDE/plugins/com.st.stm32cube.ide.mcu.externaltools.gnu-tools-for-stm32.13.3.rel1.win32_1.0.0.202411081344/tools/bin/../lib/gcc/arm-none-eabi/13.3.1/thumb/v7e-m/nofp/crti.o
LOAD C:/ST/STM32CubeIDE_1.18.1/STM32CubeIDE/plugins/com.st.stm32cube.ide.mcu.externaltools.gnu-tools-for-stm32.13.3.rel1.win32_1.0.0.202411081344/tools/bin/../lib/gcc/arm-none-eabi/13.3.1/thumb/v7e-m/nofp/crtbegin.o
LOAD C:/ST/STM32CubeIDE_1.18.1/STM32CubeIDE/plugins/com.st.stm32cube.ide.mcu.externaltools.gnu-tools-for-stm32.13.3.rel1.win32_1.0.0.202411081344/tools/bin/../lib/gcc/arm-none-eabi/13.3.1/../../../../arm-none-eabi/lib/thumb/v7e-m/nofp/crt0.o
LOAD ./Core/EventManagement/src/EventManagement.o
LOAD ./Core/EventManagement/src/EventManagement_Cfg.o
LOAD ./Core/ModeManagement/src/ModeManagement.o
LOAD ./Drivers/BSP/src/lcd.o
LOAD ./Drivers/HAL_Drivers/src/stm32f407xx_gpio_driver.o
LOAD ./Drivers/HAL_Drivers/src/stm32f407xx_rcc_driver.o
LOAD ./Drivers/HAL_Drivers/src/stm32f407xx_timer_driver.o
LOAD ./Drivers/HAL_Drivers/src/stm32f407xx_usart_driver.o
LOAD ./Middleware/Schedular/CoperativeSchedular/src/sched.o
LOAD ./Middleware/Schedular/CoperativeSchedular/src/task.o
LOAD ./Src/015uart_tx2.o
LOAD ./Src/syscalls.o
LOAD ./Src/sysmem.o
LOAD ./Startup/startup_stm32f407vgtx.o
START GROUP
LOAD C:/ST/STM32CubeIDE_1.18.1/STM32CubeIDE/plugins/com.st.stm32cube.ide.mcu.externaltools.gnu-tools-for-stm32.13.3.rel1.win32_1.0.0.202411081344/tools/bin/../lib/gcc/arm-none-eabi/13.3.1/../../../../arm-none-eabi/lib/thumb/v7e-m/nofp\libc_nano.a
LOAD C:/ST/STM32CubeIDE_1.18.1/STM32CubeIDE/plugins/com.st.stm32cube.ide.mcu.externaltools.gnu-tools-for-stm32.13.3.rel1.win32_1.0.0.202411081344/tools/bin/../lib/gcc/arm-none-eabi/13.3.1/../../../../arm-none-eabi/lib/thumb/v7e-m/nofp\libm.a
END GROUP
START GROUP
LOAD C:/ST/STM32CubeIDE_1.18.1/STM32CubeIDE/plugins/com.st.stm32cube.ide.mcu.externaltools.gnu-tools-for-stm32.13.3.rel1.win32_1.0.0.202411081344/tools/bin/../lib/gcc/arm-none-eabi/13.3.1/thumb/v7e-m/nofp\libgcc.a
LOAD C:/ST/STM32CubeIDE_1.18.1/STM32CubeIDE/plugins/com.st.stm32cube.ide.mcu.externaltools.gnu-tools-for-stm32.13.3.rel1.win32_1.0.0.202411081344/tools/bin/../lib/gcc/arm-none-eabi/13.3.1/../../../../arm-none-eabi/lib/thumb/v7e-m/nofp\libc_nano.a
END GROUP
START GROUP
LOAD C:/ST/STM32CubeIDE_1.18.1/STM32CubeIDE/plugins/com.st.stm32cube.ide.mcu.externaltools.gnu-tools-for-stm32.13.3.rel1.win32_1.0.0.202411081344/tools/bin/../lib/gcc/arm-none-eabi/13.3.1/thumb/v7e-m/nofp\libgcc.a
LOAD C:/ST/STM32CubeIDE_1.18.1/STM32CubeIDE/plugins/com.st.stm32cube.ide.mcu.externaltools.gnu-tools-for-stm32.13.3.rel1.win32_1.0.0.202411081344/tools/bin/../lib/gcc/arm-none-eabi/13.3.1/../../../../arm-none-eabi/lib/thumb/v7e-m/nofp\libc_nano.a
LOAD C:/ST/STM32CubeIDE_1.18.1/STM32CubeIDE/plugins/com.st.stm32cube.ide.mcu.externaltools.gnu-tools-for-stm32.13.3.rel1.win32_1.0.0.202411081344/tools/bin/../lib/gcc/arm-none-eabi/13.3.1/../../../../arm-none-eabi/lib/thumb/v7e-m/nofp\libnosys.a
END GROUP
START GROUP
LOAD C:/ST/STM32CubeIDE_1.18.1/STM32CubeIDE/plugins/com.st.stm32cube.ide.mcu.externaltools.gnu-tools-for-stm32.13.3.rel1.win32_1.0.0.202411081344/tools/bin/../lib/gcc/arm-none-eabi/13.3.1/thumb/v7e-m/nofp\libgcc.a
LOAD C:/ST/STM32CubeIDE_1.18.1/STM32CubeIDE/plugins/com.st.stm32cube.ide.mcu.externaltools.gnu-tools-for-stm32.13.3.rel1.win32_1.0.0.202411081344/tools/bin/../lib/gcc/arm-none-eabi/13.3.1/../../../../arm-none-eabi/lib/thumb/v7e-m/nofp\libc_nano.a
LOAD C:/ST/STM32CubeIDE_1.18.1/STM32CubeIDE/plugins/com.st.stm32cube.ide.mcu.externaltools.gnu-tools-for-stm32.13.3.rel1.win32_1.0.0.202411081344/tools/bin/../lib/gcc/arm-none-eabi/13.3.1/../../../../arm-none-eabi/lib/thumb/v7e-m/nofp\libnosys.a
END GROUP
LOAD C:/ST/STM32CubeIDE_1.18.1/STM32CubeIDE/plugins/com.st.stm32cube.ide.mcu.externaltools.gnu-tools-for-stm32.13.3.rel1.win32_1.0.0.202411081344/tools/bin/../lib/gcc/arm-none-eabi/13.3.1/thumb/v7e-m/nofp/crtend.o
LOAD C:/ST/STM32CubeIDE_1.18.1/STM32CubeIDE/plugins/com.st.stm32cube.ide.mcu.externaltools.gnu-tools-for-stm32.13.3.rel1.win32_1.0.0.202411081344/tools/bin/../lib/gcc/arm-none-eabi/13.3.1/thumb/v7e-m/nofp/crtn.o
                0x20020000                        _estack = (ORIGIN (RAM) + LENGTH (RAM))
                0x00000200                        _Min_Heap_Size = 0x200
                0x00000400                        _Min_Stack_Size = 0x400

.isr_vector     0x08000000      0x188
                0x08000000                        . = ALIGN (0x4)
 *(.isr_vector)
 .isr_vector    0x08000000      0x188 ./Startup/startup_stm32f407vgtx.o
                0x08000000                g_pfnVectors
                0x08000188                        . = ALIGN (0x4)

.text           0x08000190     0x3e54
                0x08000190                        . = ALIGN (0x4)
 *(.text)
 .text          0x08000190       0x40 C:/ST/STM32CubeIDE_1.18.1/STM32CubeIDE/plugins/com.st.stm32cube.ide.mcu.externaltools.gnu-tools-for-stm32.13.3.rel1.win32_1.0.0.202411081344/tools/bin/../lib/gcc/arm-none-eabi/13.3.1/thumb/v7e-m/nofp/crtbegin.o
 .text          0x080001d0       0x10 C:/ST/STM32CubeIDE_1.18.1/STM32CubeIDE/plugins/com.st.stm32cube.ide.mcu.externaltools.gnu-tools-for-stm32.13.3.rel1.win32_1.0.0.202411081344/tools/bin/../lib/gcc/arm-none-eabi/13.3.1/../../../../arm-none-eabi/lib/thumb/v7e-m/nofp\libc_nano.a(libc_a-strlen.o)
                0x080001d0                strlen
 .text          0x080001e0       0xa0 C:/ST/STM32CubeIDE_1.18.1/STM32CubeIDE/plugins/com.st.stm32cube.ide.mcu.externaltools.gnu-tools-for-stm32.13.3.rel1.win32_1.0.0.202411081344/tools/bin/../lib/gcc/arm-none-eabi/13.3.1/../../../../arm-none-eabi/lib/thumb/v7e-m/nofp\libc_nano.a(libc_a-memchr.o)
                0x080001e0                memchr
 *(.text*)
 .text.EventMngt_Init
                0x08000280       0xb8 ./Core/EventManagement/src/EventManagement.o
                0x08000280                EventMngt_Init
 .text.EventMngt_ReadButton
                0x08000338       0x2e ./Core/EventManagement/src/EventManagement.o
                0x08000338                EventMngt_ReadButton
 *fill*         0x08000366        0x2 
 .text.EXTI0_IRQHandler
                0x08000368       0x24 ./Core/EventManagement/src/EventManagement.o
                0x08000368                EXTI0_IRQHandler
 .text.EXTI1_IRQHandler
                0x0800038c       0x24 ./Core/EventManagement/src/EventManagement.o
                0x0800038c                EXTI1_IRQHandler
 .text.EXTI2_IRQHandler
                0x080003b0       0x24 ./Core/EventManagement/src/EventManagement.o
                0x080003b0                EXTI2_IRQHandler
 .text.EXTI3_IRQHandler
                0x080003d4       0x24 ./Core/EventManagement/src/EventManagement.o
                0x080003d4                EXTI3_IRQHandler
 .text.EXTI4_IRQHandler
                0x080003f8       0x24 ./Core/EventManagement/src/EventManagement.o
                0x080003f8                EXTI4_IRQHandler
 .text.EXTI9_5_IRQHandler
                0x0800041c       0x24 ./Core/EventManagement/src/EventManagement.o
                0x0800041c                EXTI9_5_IRQHandler
 .text.EventMngt_Main
                0x08000440       0x48 ./Core/EventManagement/src/EventManagement.o
                0x08000440                EventMngt_Main
 .text.EventMngt_ButtonEvent
                0x08000488      0x11c ./Core/EventManagement/src/EventManagement.o
 .text.EventMngt_ButtonDebounceIRQ_CONFIG_BUTTON
                0x080005a4       0x34 ./Core/EventManagement/src/EventManagement.o
                0x080005a4                EventMngt_ButtonDebounceIRQ_CONFIG_BUTTON
 .text.ModeM_init
                0x080005d8       0x8c ./Core/ModeManagement/src/ModeManagement.o
                0x080005d8                ModeM_init
 .text.ModeM_ConfigModeM_Message
                0x08000664      0x1b0 ./Core/ModeManagement/src/ModeManagement.o
 .text.ModeM_ConfigMode_Ev_Callback
                0x08000814       0x80 ./Core/ModeManagement/src/ModeManagement.o
                0x08000814                ModeM_ConfigMode_Ev_Callback
 .text.ModeM_ConfigMode
                0x08000894      0x21c ./Core/ModeManagement/src/ModeManagement.o
                0x08000894                ModeM_ConfigMode
 .text.Dcm_Main
                0x08000ab0      0x99c ./Core/ModeManagement/src/ModeManagement.o
                0x08000ab0                Dcm_Main
 .text.USART_ApplicationEventCallback
                0x0800144c       0x8c ./Core/ModeManagement/src/ModeManagement.o
                0x0800144c                USART_ApplicationEventCallback
 .text.lcd_send_command
                0x080014d8       0x44 ./Drivers/BSP/src/lcd.o
                0x080014d8                lcd_send_command
 .text.lcd_print_char
                0x0800151c       0x44 ./Drivers/BSP/src/lcd.o
                0x0800151c                lcd_print_char
 .text.lcd_print_auto_wrap
                0x08001560       0x8a ./Drivers/BSP/src/lcd.o
                0x08001560                lcd_print_auto_wrap
 *fill*         0x080015ea        0x2 
 .text.lcd_init
                0x080015ec      0x130 ./Drivers/BSP/src/lcd.o
                0x080015ec                lcd_init
 .text.write_4_bits
                0x0800171c       0x70 ./Drivers/BSP/src/lcd.o
 .text.lcd_display_clear
                0x0800178c       0x14 ./Drivers/BSP/src/lcd.o
                0x0800178c                lcd_display_clear
 .text.lcd_set_cursor
                0x080017a0       0x38 ./Drivers/BSP/src/lcd.o
                0x080017a0                lcd_set_cursor
 .text.lcd_enable
                0x080017d8       0x2c ./Drivers/BSP/src/lcd.o
 .text.lcd_queue_size
                0x08001804       0x18 ./Drivers/BSP/src/lcd.o
                0x08001804                lcd_queue_size
 .text.lcd_enqueue_job
                0x0800181c       0x8c ./Drivers/BSP/src/lcd.o
                0x0800181c                lcd_enqueue_job
 .text.lcd_job_clear
                0x080018a8       0x18 ./Drivers/BSP/src/lcd.o
                0x080018a8                lcd_job_clear
 .text.lcd_process_jobs
                0x080018c0      0x144 ./Drivers/BSP/src/lcd.o
                0x080018c0                lcd_process_jobs
 .text.mdelay   0x08001a04       0x30 ./Drivers/BSP/src/lcd.o
 .text.udelay   0x08001a34       0x28 ./Drivers/BSP/src/lcd.o
 .text.GPIO_PeriClockControl
                0x08001a5c      0x108 ./Drivers/HAL_Drivers/src/stm32f407xx_gpio_driver.o
                0x08001a5c                GPIO_PeriClockControl
 .text.GPIO_Init
                0x08001b64      0x338 ./Drivers/HAL_Drivers/src/stm32f407xx_gpio_driver.o
                0x08001b64                GPIO_Init
 .text.GPIO_ReadFromInputPin
                0x08001e9c       0x2a ./Drivers/HAL_Drivers/src/stm32f407xx_gpio_driver.o
                0x08001e9c                GPIO_ReadFromInputPin
 .text.GPIO_WriteToOutputPin
                0x08001ec6       0x48 ./Drivers/HAL_Drivers/src/stm32f407xx_gpio_driver.o
                0x08001ec6                GPIO_WriteToOutputPin
 *fill*         0x08001f0e        0x2 
 .text.GPIO_IRQInterruptConfig
                0x08001f10      0x108 ./Drivers/HAL_Drivers/src/stm32f407xx_gpio_driver.o
                0x08001f10                GPIO_IRQInterruptConfig
 .text.GPIO_IRQHandling
                0x08002018       0x40 ./Drivers/HAL_Drivers/src/stm32f407xx_gpio_driver.o
                0x08002018                GPIO_IRQHandling
 .text.RCC_GetPCLK1Value
                0x08002058       0xb0 ./Drivers/HAL_Drivers/src/stm32f407xx_rcc_driver.o
                0x08002058                RCC_GetPCLK1Value
 .text.RCC_GetPCLK2Value
                0x08002108       0xa0 ./Drivers/HAL_Drivers/src/stm32f407xx_rcc_driver.o
                0x08002108                RCC_GetPCLK2Value
 .text.RCC_GetPLLOutputClock
                0x080021a8        0xe ./Drivers/HAL_Drivers/src/stm32f407xx_rcc_driver.o
                0x080021a8                RCC_GetPLLOutputClock
 .text.timer_init
                0x080021b6       0x10 ./Drivers/HAL_Drivers/src/stm32f407xx_timer_driver.o
                0x080021b6                timer_init
 *fill*         0x080021c6        0x2 
 .text.timer2_init
                0x080021c8       0x7c ./Drivers/HAL_Drivers/src/stm32f407xx_timer_driver.o
                0x080021c8                timer2_init
 .text.timer2_delay_ms
                0x08002244       0x34 ./Drivers/HAL_Drivers/src/stm32f407xx_timer_driver.o
                0x08002244                timer2_delay_ms
 .text.TIM2_IRQHandler
                0x08002278        0xc ./Drivers/HAL_Drivers/src/stm32f407xx_timer_driver.o
                0x08002278                TIM2_IRQHandler
 .text.TIM2_IRQHandler_Handler
                0x08002284       0x64 ./Drivers/HAL_Drivers/src/stm32f407xx_timer_driver.o
 .text.is_timer2_delay_elapsed
                0x080022e8       0x14 ./Drivers/HAL_Drivers/src/stm32f407xx_timer_driver.o
                0x080022e8                is_timer2_delay_elapsed
 .text.timer3_os_tick_init
                0x080022fc       0x6c ./Drivers/HAL_Drivers/src/stm32f407xx_timer_driver.o
                0x080022fc                timer3_os_tick_init
 .text.os_timer_get_tick
                0x08002368       0x14 ./Drivers/HAL_Drivers/src/stm32f407xx_timer_driver.o
                0x08002368                os_timer_get_tick
 .text.TIM3_IRQHandler
                0x0800237c       0x38 ./Drivers/HAL_Drivers/src/stm32f407xx_timer_driver.o
                0x0800237c                TIM3_IRQHandler
 .text.USART_SetBaudRate
                0x080023b4       0xe4 ./Drivers/HAL_Drivers/src/stm32f407xx_usart_driver.o
                0x080023b4                USART_SetBaudRate
 .text.USART_Init
                0x08002498      0x102 ./Drivers/HAL_Drivers/src/stm32f407xx_usart_driver.o
                0x08002498                USART_Init
 .text.USART_PeripheralControl
                0x0800259a       0x36 ./Drivers/HAL_Drivers/src/stm32f407xx_usart_driver.o
                0x0800259a                USART_PeripheralControl
 .text.USART_PeriClockControl
                0x080025d0       0x88 ./Drivers/HAL_Drivers/src/stm32f407xx_usart_driver.o
                0x080025d0                USART_PeriClockControl
 .text.USART_SendDataIT_Response
                0x08002658       0x20 ./Drivers/HAL_Drivers/src/stm32f407xx_usart_driver.o
                0x08002658                USART_SendDataIT_Response
 .text.USART_SendDataIT
                0x08002678       0x5a ./Drivers/HAL_Drivers/src/stm32f407xx_usart_driver.o
                0x08002678                USART_SendDataIT
 *fill*         0x080026d2        0x2 
 .text.USART_ReceiveDataIT_Request
                0x080026d4       0x2c ./Drivers/HAL_Drivers/src/stm32f407xx_usart_driver.o
                0x080026d4                USART_ReceiveDataIT_Request
 .text.USART_ReceiveDataIT
                0x08002700       0x50 ./Drivers/HAL_Drivers/src/stm32f407xx_usart_driver.o
                0x08002700                USART_ReceiveDataIT
 .text.USART_IRQInterruptConfig
                0x08002750      0x108 ./Drivers/HAL_Drivers/src/stm32f407xx_usart_driver.o
                0x08002750                USART_IRQInterruptConfig
 .text.USART_IRQHandling
                0x08002858      0x344 ./Drivers/HAL_Drivers/src/stm32f407xx_usart_driver.o
                0x08002858                USART_IRQHandling
 .text.USART2_Init
                0x08002b9c       0x44 ./Drivers/HAL_Drivers/src/stm32f407xx_usart_driver.o
                0x08002b9c                USART2_Init
 .text.USART2_GPIOInit
                0x08002be0       0x44 ./Drivers/HAL_Drivers/src/stm32f407xx_usart_driver.o
                0x08002be0                USART2_GPIOInit
 .text.USART_Init_DCM
                0x08002c24       0x24 ./Drivers/HAL_Drivers/src/stm32f407xx_usart_driver.o
                0x08002c24                USART_Init_DCM
 .text.USART2_IRQHandler
                0x08002c48       0x14 ./Drivers/HAL_Drivers/src/stm32f407xx_usart_driver.o
                0x08002c48                USART2_IRQHandler
 .text.scheduler_loop
                0x08002c5c       0x78 ./Middleware/Schedular/CoperativeSchedular/src/sched.o
                0x08002c5c                scheduler_loop
 .text.task1    0x08002cd4       0x1c ./Middleware/Schedular/CoperativeSchedular/src/task.o
                0x08002cd4                task1
 .text.task2    0x08002cf0        0xc ./Middleware/Schedular/CoperativeSchedular/src/task.o
                0x08002cf0                task2
 .text.task3    0x08002cfc        0xc ./Middleware/Schedular/CoperativeSchedular/src/task.o
                0x08002cfc                task3
 .text.GPIO_ButtonInit
                0x08002d08       0x5c ./Src/015uart_tx2.o
                0x08002d08                GPIO_ButtonInit
 .text.main     0x08002d64       0x40 ./Src/015uart_tx2.o
                0x08002d64                main
 .text.ITM_SendChar
                0x08002da4       0x4c ./Src/syscalls.o
                0x08002da4                ITM_SendChar
 .text._read    0x08002df0       0x3a ./Src/syscalls.o
                0x08002df0                _read
 .text._write   0x08002e2a       0x38 ./Src/syscalls.o
                0x08002e2a                _write
 .text._close   0x08002e62       0x16 ./Src/syscalls.o
                0x08002e62                _close
 .text._fstat   0x08002e78       0x1e ./Src/syscalls.o
                0x08002e78                _fstat
 .text._isatty  0x08002e96       0x14 ./Src/syscalls.o
                0x08002e96                _isatty
 .text._lseek   0x08002eaa       0x18 ./Src/syscalls.o
                0x08002eaa                _lseek
 *fill*         0x08002ec2        0x2 
 .text._sbrk    0x08002ec4       0x6c ./Src/sysmem.o
                0x08002ec4                _sbrk
 .text.Reset_Handler
                0x08002f30       0x50 ./Startup/startup_stm32f407vgtx.o
                0x08002f30                Reset_Handler
 .text.Default_Handler
                0x08002f80        0x2 ./Startup/startup_stm32f407vgtx.o
                0x08002f80                RTC_Alarm_IRQHandler
                0x08002f80                HASH_RNG_IRQHandler
                0x08002f80                TIM8_CC_IRQHandler
                0x08002f80                DebugMon_Handler
                0x08002f80                TIM1_CC_IRQHandler
                0x08002f80                DMA2_Stream5_IRQHandler
                0x08002f80                HardFault_Handler
                0x08002f80                DMA1_Stream5_IRQHandler
                0x08002f80                SysTick_Handler
                0x08002f80                PVD_IRQHandler
                0x08002f80                SDIO_IRQHandler
                0x08002f80                TAMP_STAMP_IRQHandler
                0x08002f80                PendSV_Handler
                0x08002f80                NMI_Handler
                0x08002f80                CAN2_RX1_IRQHandler
                0x08002f80                TIM8_TRG_COM_TIM14_IRQHandler
                0x08002f80                TIM1_UP_TIM10_IRQHandler
                0x08002f80                TIM8_UP_TIM13_IRQHandler
                0x08002f80                I2C3_ER_IRQHandler
                0x08002f80                I2C2_EV_IRQHandler
                0x08002f80                DMA1_Stream2_IRQHandler
                0x08002f80                CAN1_RX0_IRQHandler
                0x08002f80                FPU_IRQHandler
                0x08002f80                OTG_HS_WKUP_IRQHandler
                0x08002f80                UsageFault_Handler
                0x08002f80                CAN2_SCE_IRQHandler
                0x08002f80                DMA2_Stream2_IRQHandler
                0x08002f80                SPI1_IRQHandler
                0x08002f80                TIM6_DAC_IRQHandler
                0x08002f80                TIM1_BRK_TIM9_IRQHandler
                0x08002f80                DCMI_IRQHandler
                0x08002f80                CAN2_RX0_IRQHandler
                0x08002f80                DMA2_Stream3_IRQHandler
                0x08002f80                USART6_IRQHandler
                0x08002f80                USART3_IRQHandler
                0x08002f80                CRYP_IRQHandler
                0x08002f80                CAN1_RX1_IRQHandler
                0x08002f80                UART5_IRQHandler
                0x08002f80                DMA2_Stream0_IRQHandler
                0x08002f80                TIM4_IRQHandler
                0x08002f80                I2C1_EV_IRQHandler
                0x08002f80                DMA1_Stream6_IRQHandler
                0x08002f80                DMA1_Stream1_IRQHandler
                0x08002f80                UART4_IRQHandler
                0x08002f80                RCC_IRQHandler
                0x08002f80                TIM8_BRK_TIM12_IRQHandler
                0x08002f80                Default_Handler
                0x08002f80                EXTI15_10_IRQHandler
                0x08002f80                ADC_IRQHandler
                0x08002f80                DMA1_Stream7_IRQHandler
                0x08002f80                TIM7_IRQHandler
                0x08002f80                CAN2_TX_IRQHandler
                0x08002f80                TIM5_IRQHandler
                0x08002f80                DMA2_Stream7_IRQHandler
                0x08002f80                I2C3_EV_IRQHandler
                0x08002f80                RTC_WKUP_IRQHandler
                0x08002f80                ETH_WKUP_IRQHandler
                0x08002f80                SPI2_IRQHandler
                0x08002f80                OTG_HS_EP1_IN_IRQHandler
                0x08002f80                MemManage_Handler
                0x08002f80                DMA1_Stream0_IRQHandler
                0x08002f80                CAN1_TX_IRQHandler
                0x08002f80                SVC_Handler
                0x08002f80                FSMC_IRQHandler
                0x08002f80                ETH_IRQHandler
                0x08002f80                OTG_HS_EP1_OUT_IRQHandler
                0x08002f80                WWDG_IRQHandler
                0x08002f80                OTG_FS_WKUP_IRQHandler
                0x08002f80                TIM1_TRG_COM_TIM11_IRQHandler
                0x08002f80                OTG_HS_IRQHandler
                0x08002f80                I2C2_ER_IRQHandler
                0x08002f80                DMA2_Stream1_IRQHandler
                0x08002f80                CAN1_SCE_IRQHandler
                0x08002f80                DMA2_Stream4_IRQHandler
                0x08002f80                BusFault_Handler
                0x08002f80                USART1_IRQHandler
                0x08002f80                OTG_FS_IRQHandler
                0x08002f80                SPI3_IRQHandler
                0x08002f80                DMA1_Stream4_IRQHandler
                0x08002f80                I2C1_ER_IRQHandler
                0x08002f80                DMA2_Stream6_IRQHandler
                0x08002f80                DMA1_Stream3_IRQHandler
 *fill*         0x08002f82        0x2 
 .text.std      0x08002f84       0x6c C:/ST/STM32CubeIDE_1.18.1/STM32CubeIDE/plugins/com.st.stm32cube.ide.mcu.externaltools.gnu-tools-for-stm32.13.3.rel1.win32_1.0.0.202411081344/tools/bin/../lib/gcc/arm-none-eabi/13.3.1/../../../../arm-none-eabi/lib/thumb/v7e-m/nofp\libc_nano.a(libc_a-findfp.o)
 .text.stdio_exit_handler
                0x08002ff0       0x18 C:/ST/STM32CubeIDE_1.18.1/STM32CubeIDE/plugins/com.st.stm32cube.ide.mcu.externaltools.gnu-tools-for-stm32.13.3.rel1.win32_1.0.0.202411081344/tools/bin/../lib/gcc/arm-none-eabi/13.3.1/../../../../arm-none-eabi/lib/thumb/v7e-m/nofp\libc_nano.a(libc_a-findfp.o)
 .text.cleanup_stdio
                0x08003008       0x40 C:/ST/STM32CubeIDE_1.18.1/STM32CubeIDE/plugins/com.st.stm32cube.ide.mcu.externaltools.gnu-tools-for-stm32.13.3.rel1.win32_1.0.0.202411081344/tools/bin/../lib/gcc/arm-none-eabi/13.3.1/../../../../arm-none-eabi/lib/thumb/v7e-m/nofp\libc_nano.a(libc_a-findfp.o)
 .text.global_stdio_init.part.0
                0x08003048       0x3c C:/ST/STM32CubeIDE_1.18.1/STM32CubeIDE/plugins/com.st.stm32cube.ide.mcu.externaltools.gnu-tools-for-stm32.13.3.rel1.win32_1.0.0.202411081344/tools/bin/../lib/gcc/arm-none-eabi/13.3.1/../../../../arm-none-eabi/lib/thumb/v7e-m/nofp\libc_nano.a(libc_a-findfp.o)
 .text.__sfp_lock_acquire
                0x08003084        0xc C:/ST/STM32CubeIDE_1.18.1/STM32CubeIDE/plugins/com.st.stm32cube.ide.mcu.externaltools.gnu-tools-for-stm32.13.3.rel1.win32_1.0.0.202411081344/tools/bin/../lib/gcc/arm-none-eabi/13.3.1/../../../../arm-none-eabi/lib/thumb/v7e-m/nofp\libc_nano.a(libc_a-findfp.o)
                0x08003084                __sfp_lock_acquire
 .text.__sfp_lock_release
                0x08003090        0xc C:/ST/STM32CubeIDE_1.18.1/STM32CubeIDE/plugins/com.st.stm32cube.ide.mcu.externaltools.gnu-tools-for-stm32.13.3.rel1.win32_1.0.0.202411081344/tools/bin/../lib/gcc/arm-none-eabi/13.3.1/../../../../arm-none-eabi/lib/thumb/v7e-m/nofp\libc_nano.a(libc_a-findfp.o)
                0x08003090                __sfp_lock_release
 .text.__sinit  0x0800309c       0x30 C:/ST/STM32CubeIDE_1.18.1/STM32CubeIDE/plugins/com.st.stm32cube.ide.mcu.externaltools.gnu-tools-for-stm32.13.3.rel1.win32_1.0.0.202411081344/tools/bin/../lib/gcc/arm-none-eabi/13.3.1/../../../../arm-none-eabi/lib/thumb/v7e-m/nofp\libc_nano.a(libc_a-findfp.o)
                0x0800309c                __sinit
 .text._fwalk_sglue
                0x080030cc       0x3c C:/ST/STM32CubeIDE_1.18.1/STM32CubeIDE/plugins/com.st.stm32cube.ide.mcu.externaltools.gnu-tools-for-stm32.13.3.rel1.win32_1.0.0.202411081344/tools/bin/../lib/gcc/arm-none-eabi/13.3.1/../../../../arm-none-eabi/lib/thumb/v7e-m/nofp\libc_nano.a(libc_a-fwalk.o)
                0x080030cc                _fwalk_sglue
 .text._puts_r  0x08003108       0xaa C:/ST/STM32CubeIDE_1.18.1/STM32CubeIDE/plugins/com.st.stm32cube.ide.mcu.externaltools.gnu-tools-for-stm32.13.3.rel1.win32_1.0.0.202411081344/tools/bin/../lib/gcc/arm-none-eabi/13.3.1/../../../../arm-none-eabi/lib/thumb/v7e-m/nofp\libc_nano.a(libc_a-puts.o)
                0x08003108                _puts_r
 *fill*         0x080031b2        0x2 
 .text.puts     0x080031b4       0x10 C:/ST/STM32CubeIDE_1.18.1/STM32CubeIDE/plugins/com.st.stm32cube.ide.mcu.externaltools.gnu-tools-for-stm32.13.3.rel1.win32_1.0.0.202411081344/tools/bin/../lib/gcc/arm-none-eabi/13.3.1/../../../../arm-none-eabi/lib/thumb/v7e-m/nofp\libc_nano.a(libc_a-puts.o)
                0x080031b4                puts
 .text.sprintf  0x080031c4       0x44 C:/ST/STM32CubeIDE_1.18.1/STM32CubeIDE/plugins/com.st.stm32cube.ide.mcu.externaltools.gnu-tools-for-stm32.13.3.rel1.win32_1.0.0.202411081344/tools/bin/../lib/gcc/arm-none-eabi/13.3.1/../../../../arm-none-eabi/lib/thumb/v7e-m/nofp\libc_nano.a(libc_a-sprintf.o)
                0x080031c4                siprintf
                0x080031c4                sprintf
 .text.__sread  0x08003208       0x22 C:/ST/STM32CubeIDE_1.18.1/STM32CubeIDE/plugins/com.st.stm32cube.ide.mcu.externaltools.gnu-tools-for-stm32.13.3.rel1.win32_1.0.0.202411081344/tools/bin/../lib/gcc/arm-none-eabi/13.3.1/../../../../arm-none-eabi/lib/thumb/v7e-m/nofp\libc_nano.a(libc_a-stdio.o)
                0x08003208                __sread
 .text.__swrite
                0x0800322a       0x38 C:/ST/STM32CubeIDE_1.18.1/STM32CubeIDE/plugins/com.st.stm32cube.ide.mcu.externaltools.gnu-tools-for-stm32.13.3.rel1.win32_1.0.0.202411081344/tools/bin/../lib/gcc/arm-none-eabi/13.3.1/../../../../arm-none-eabi/lib/thumb/v7e-m/nofp\libc_nano.a(libc_a-stdio.o)
                0x0800322a                __swrite
 .text.__sseek  0x08003262       0x24 C:/ST/STM32CubeIDE_1.18.1/STM32CubeIDE/plugins/com.st.stm32cube.ide.mcu.externaltools.gnu-tools-for-stm32.13.3.rel1.win32_1.0.0.202411081344/tools/bin/../lib/gcc/arm-none-eabi/13.3.1/../../../../arm-none-eabi/lib/thumb/v7e-m/nofp\libc_nano.a(libc_a-stdio.o)
                0x08003262                __sseek
 .text.__sclose
                0x08003286        0x8 C:/ST/STM32CubeIDE_1.18.1/STM32CubeIDE/plugins/com.st.stm32cube.ide.mcu.externaltools.gnu-tools-for-stm32.13.3.rel1.win32_1.0.0.202411081344/tools/bin/../lib/gcc/arm-none-eabi/13.3.1/../../../../arm-none-eabi/lib/thumb/v7e-m/nofp\libc_nano.a(libc_a-stdio.o)
                0x08003286                __sclose
 .text.__swbuf_r
                0x0800328e       0x7c C:/ST/STM32CubeIDE_1.18.1/STM32CubeIDE/plugins/com.st.stm32cube.ide.mcu.externaltools.gnu-tools-for-stm32.13.3.rel1.win32_1.0.0.202411081344/tools/bin/../lib/gcc/arm-none-eabi/13.3.1/../../../../arm-none-eabi/lib/thumb/v7e-m/nofp\libc_nano.a(libc_a-wbuf.o)
                0x0800328e                __swbuf_r
 *fill*         0x0800330a        0x2 
 .text.__swsetup_r
                0x0800330c       0xac C:/ST/STM32CubeIDE_1.18.1/STM32CubeIDE/plugins/com.st.stm32cube.ide.mcu.externaltools.gnu-tools-for-stm32.13.3.rel1.win32_1.0.0.202411081344/tools/bin/../lib/gcc/arm-none-eabi/13.3.1/../../../../arm-none-eabi/lib/thumb/v7e-m/nofp\libc_nano.a(libc_a-wsetup.o)
                0x0800330c                __swsetup_r
 .text.memset   0x080033b8       0x10 C:/ST/STM32CubeIDE_1.18.1/STM32CubeIDE/plugins/com.st.stm32cube.ide.mcu.externaltools.gnu-tools-for-stm32.13.3.rel1.win32_1.0.0.202411081344/tools/bin/../lib/gcc/arm-none-eabi/13.3.1/../../../../arm-none-eabi/lib/thumb/v7e-m/nofp\libc_nano.a(libc_a-memset.o)
                0x080033b8                memset
 .text.strcat   0x080033c8       0x1e C:/ST/STM32CubeIDE_1.18.1/STM32CubeIDE/plugins/com.st.stm32cube.ide.mcu.externaltools.gnu-tools-for-stm32.13.3.rel1.win32_1.0.0.202411081344/tools/bin/../lib/gcc/arm-none-eabi/13.3.1/../../../../arm-none-eabi/lib/thumb/v7e-m/nofp\libc_nano.a(libc_a-strcat.o)
                0x080033c8                strcat
 *fill*         0x080033e6        0x2 
 .text._close_r
                0x080033e8       0x20 C:/ST/STM32CubeIDE_1.18.1/STM32CubeIDE/plugins/com.st.stm32cube.ide.mcu.externaltools.gnu-tools-for-stm32.13.3.rel1.win32_1.0.0.202411081344/tools/bin/../lib/gcc/arm-none-eabi/13.3.1/../../../../arm-none-eabi/lib/thumb/v7e-m/nofp\libc_nano.a(libc_a-closer.o)
                0x080033e8                _close_r
 .text._lseek_r
                0x08003408       0x24 C:/ST/STM32CubeIDE_1.18.1/STM32CubeIDE/plugins/com.st.stm32cube.ide.mcu.externaltools.gnu-tools-for-stm32.13.3.rel1.win32_1.0.0.202411081344/tools/bin/../lib/gcc/arm-none-eabi/13.3.1/../../../../arm-none-eabi/lib/thumb/v7e-m/nofp\libc_nano.a(libc_a-lseekr.o)
                0x08003408                _lseek_r
 .text._read_r  0x0800342c       0x24 C:/ST/STM32CubeIDE_1.18.1/STM32CubeIDE/plugins/com.st.stm32cube.ide.mcu.externaltools.gnu-tools-for-stm32.13.3.rel1.win32_1.0.0.202411081344/tools/bin/../lib/gcc/arm-none-eabi/13.3.1/../../../../arm-none-eabi/lib/thumb/v7e-m/nofp\libc_nano.a(libc_a-readr.o)
                0x0800342c                _read_r
 .text._write_r
                0x08003450       0x24 C:/ST/STM32CubeIDE_1.18.1/STM32CubeIDE/plugins/com.st.stm32cube.ide.mcu.externaltools.gnu-tools-for-stm32.13.3.rel1.win32_1.0.0.202411081344/tools/bin/../lib/gcc/arm-none-eabi/13.3.1/../../../../arm-none-eabi/lib/thumb/v7e-m/nofp\libc_nano.a(libc_a-writer.o)
                0x08003450                _write_r
 .text.__errno  0x08003474        0xc C:/ST/STM32CubeIDE_1.18.1/STM32CubeIDE/plugins/com.st.stm32cube.ide.mcu.externaltools.gnu-tools-for-stm32.13.3.rel1.win32_1.0.0.202411081344/tools/bin/../lib/gcc/arm-none-eabi/13.3.1/../../../../arm-none-eabi/lib/thumb/v7e-m/nofp\libc_nano.a(libc_a-errno.o)
                0x08003474                __errno
 .text.__libc_init_array
                0x08003480       0x48 C:/ST/STM32CubeIDE_1.18.1/STM32CubeIDE/plugins/com.st.stm32cube.ide.mcu.externaltools.gnu-tools-for-stm32.13.3.rel1.win32_1.0.0.202411081344/tools/bin/../lib/gcc/arm-none-eabi/13.3.1/../../../../arm-none-eabi/lib/thumb/v7e-m/nofp\libc_nano.a(libc_a-init.o)
                0x08003480                __libc_init_array
 .text.__retarget_lock_init_recursive
                0x080034c8        0x2 C:/ST/STM32CubeIDE_1.18.1/STM32CubeIDE/plugins/com.st.stm32cube.ide.mcu.externaltools.gnu-tools-for-stm32.13.3.rel1.win32_1.0.0.202411081344/tools/bin/../lib/gcc/arm-none-eabi/13.3.1/../../../../arm-none-eabi/lib/thumb/v7e-m/nofp\libc_nano.a(libc_a-lock.o)
                0x080034c8                __retarget_lock_init_recursive
 .text.__retarget_lock_acquire_recursive
                0x080034ca        0x2 C:/ST/STM32CubeIDE_1.18.1/STM32CubeIDE/plugins/com.st.stm32cube.ide.mcu.externaltools.gnu-tools-for-stm32.13.3.rel1.win32_1.0.0.202411081344/tools/bin/../lib/gcc/arm-none-eabi/13.3.1/../../../../arm-none-eabi/lib/thumb/v7e-m/nofp\libc_nano.a(libc_a-lock.o)
                0x080034ca                __retarget_lock_acquire_recursive
 .text.__retarget_lock_release_recursive
                0x080034cc        0x2 C:/ST/STM32CubeIDE_1.18.1/STM32CubeIDE/plugins/com.st.stm32cube.ide.mcu.externaltools.gnu-tools-for-stm32.13.3.rel1.win32_1.0.0.202411081344/tools/bin/../lib/gcc/arm-none-eabi/13.3.1/../../../../arm-none-eabi/lib/thumb/v7e-m/nofp\libc_nano.a(libc_a-lock.o)
                0x080034cc                __retarget_lock_release_recursive
 .text.strcpy   0x080034ce       0x10 C:/ST/STM32CubeIDE_1.18.1/STM32CubeIDE/plugins/com.st.stm32cube.ide.mcu.externaltools.gnu-tools-for-stm32.13.3.rel1.win32_1.0.0.202411081344/tools/bin/../lib/gcc/arm-none-eabi/13.3.1/../../../../arm-none-eabi/lib/thumb/v7e-m/nofp\libc_nano.a(libc_a-strcpy.o)
                0x080034ce                strcpy
 .text.memcpy   0x080034de       0x1c C:/ST/STM32CubeIDE_1.18.1/STM32CubeIDE/plugins/com.st.stm32cube.ide.mcu.externaltools.gnu-tools-for-stm32.13.3.rel1.win32_1.0.0.202411081344/tools/bin/../lib/gcc/arm-none-eabi/13.3.1/../../../../arm-none-eabi/lib/thumb/v7e-m/nofp\libc_nano.a(libc_a-memcpy-stub.o)
                0x080034de                memcpy
 *fill*         0x080034fa        0x2 
 .text._free_r  0x080034fc       0x94 C:/ST/STM32CubeIDE_1.18.1/STM32CubeIDE/plugins/com.st.stm32cube.ide.mcu.externaltools.gnu-tools-for-stm32.13.3.rel1.win32_1.0.0.202411081344/tools/bin/../lib/gcc/arm-none-eabi/13.3.1/../../../../arm-none-eabi/lib/thumb/v7e-m/nofp\libc_nano.a(libc_a-freer.o)
                0x080034fc                _free_r
 .text.sbrk_aligned
                0x08003590       0x44 C:/ST/STM32CubeIDE_1.18.1/STM32CubeIDE/plugins/com.st.stm32cube.ide.mcu.externaltools.gnu-tools-for-stm32.13.3.rel1.win32_1.0.0.202411081344/tools/bin/../lib/gcc/arm-none-eabi/13.3.1/../../../../arm-none-eabi/lib/thumb/v7e-m/nofp\libc_nano.a(libc_a-mallocr.o)
 .text._malloc_r
                0x080035d4      0x100 C:/ST/STM32CubeIDE_1.18.1/STM32CubeIDE/plugins/com.st.stm32cube.ide.mcu.externaltools.gnu-tools-for-stm32.13.3.rel1.win32_1.0.0.202411081344/tools/bin/../lib/gcc/arm-none-eabi/13.3.1/../../../../arm-none-eabi/lib/thumb/v7e-m/nofp\libc_nano.a(libc_a-mallocr.o)
                0x080035d4                _malloc_r
 .text.__malloc_lock
                0x080036d4        0xc C:/ST/STM32CubeIDE_1.18.1/STM32CubeIDE/plugins/com.st.stm32cube.ide.mcu.externaltools.gnu-tools-for-stm32.13.3.rel1.win32_1.0.0.202411081344/tools/bin/../lib/gcc/arm-none-eabi/13.3.1/../../../../arm-none-eabi/lib/thumb/v7e-m/nofp\libc_nano.a(libc_a-mlock.o)
                0x080036d4                __malloc_lock
 .text.__malloc_unlock
                0x080036e0        0xc C:/ST/STM32CubeIDE_1.18.1/STM32CubeIDE/plugins/com.st.stm32cube.ide.mcu.externaltools.gnu-tools-for-stm32.13.3.rel1.win32_1.0.0.202411081344/tools/bin/../lib/gcc/arm-none-eabi/13.3.1/../../../../arm-none-eabi/lib/thumb/v7e-m/nofp\libc_nano.a(libc_a-mlock.o)
                0x080036e0                __malloc_unlock
 .text.__ssputs_r
                0x080036ec       0xb6 C:/ST/STM32CubeIDE_1.18.1/STM32CubeIDE/plugins/com.st.stm32cube.ide.mcu.externaltools.gnu-tools-for-stm32.13.3.rel1.win32_1.0.0.202411081344/tools/bin/../lib/gcc/arm-none-eabi/13.3.1/../../../../arm-none-eabi/lib/thumb/v7e-m/nofp\libc_nano.a(libc_a-nano-svfprintf.o)
                0x080036ec                __ssputs_r
 *fill*         0x080037a2        0x2 
 .text._svfprintf_r
                0x080037a4      0x1f8 C:/ST/STM32CubeIDE_1.18.1/STM32CubeIDE/plugins/com.st.stm32cube.ide.mcu.externaltools.gnu-tools-for-stm32.13.3.rel1.win32_1.0.0.202411081344/tools/bin/../lib/gcc/arm-none-eabi/13.3.1/../../../../arm-none-eabi/lib/thumb/v7e-m/nofp\libc_nano.a(libc_a-nano-svfprintf.o)
                0x080037a4                _svfiprintf_r
                0x080037a4                _svfprintf_r
 .text._printf_common
                0x0800399c       0xda C:/ST/STM32CubeIDE_1.18.1/STM32CubeIDE/plugins/com.st.stm32cube.ide.mcu.externaltools.gnu-tools-for-stm32.13.3.rel1.win32_1.0.0.202411081344/tools/bin/../lib/gcc/arm-none-eabi/13.3.1/../../../../arm-none-eabi/lib/thumb/v7e-m/nofp\libc_nano.a(libc_a-nano-vfprintf_i.o)
                0x0800399c                _printf_common
 *fill*         0x08003a76        0x2 
 .text._printf_i
                0x08003a78      0x23c C:/ST/STM32CubeIDE_1.18.1/STM32CubeIDE/plugins/com.st.stm32cube.ide.mcu.externaltools.gnu-tools-for-stm32.13.3.rel1.win32_1.0.0.202411081344/tools/bin/../lib/gcc/arm-none-eabi/13.3.1/../../../../arm-none-eabi/lib/thumb/v7e-m/nofp\libc_nano.a(libc_a-nano-vfprintf_i.o)
                0x08003a78                _printf_i
 .text.__sflush_r
                0x08003cb4      0x100 C:/ST/STM32CubeIDE_1.18.1/STM32CubeIDE/plugins/com.st.stm32cube.ide.mcu.externaltools.gnu-tools-for-stm32.13.3.rel1.win32_1.0.0.202411081344/tools/bin/../lib/gcc/arm-none-eabi/13.3.1/../../../../arm-none-eabi/lib/thumb/v7e-m/nofp\libc_nano.a(libc_a-fflush.o)
                0x08003cb4                __sflush_r
 .text._fflush_r
                0x08003db4       0x50 C:/ST/STM32CubeIDE_1.18.1/STM32CubeIDE/plugins/com.st.stm32cube.ide.mcu.externaltools.gnu-tools-for-stm32.13.3.rel1.win32_1.0.0.202411081344/tools/bin/../lib/gcc/arm-none-eabi/13.3.1/../../../../arm-none-eabi/lib/thumb/v7e-m/nofp\libc_nano.a(libc_a-fflush.o)
                0x08003db4                _fflush_r
 .text.__swhatbuf_r
                0x08003e04       0x4c C:/ST/STM32CubeIDE_1.18.1/STM32CubeIDE/plugins/com.st.stm32cube.ide.mcu.externaltools.gnu-tools-for-stm32.13.3.rel1.win32_1.0.0.202411081344/tools/bin/../lib/gcc/arm-none-eabi/13.3.1/../../../../arm-none-eabi/lib/thumb/v7e-m/nofp\libc_nano.a(libc_a-makebuf.o)
                0x08003e04                __swhatbuf_r
 .text.__smakebuf_r
                0x08003e50       0x78 C:/ST/STM32CubeIDE_1.18.1/STM32CubeIDE/plugins/com.st.stm32cube.ide.mcu.externaltools.gnu-tools-for-stm32.13.3.rel1.win32_1.0.0.202411081344/tools/bin/../lib/gcc/arm-none-eabi/13.3.1/../../../../arm-none-eabi/lib/thumb/v7e-m/nofp\libc_nano.a(libc_a-makebuf.o)
                0x08003e50                __smakebuf_r
 .text.memmove  0x08003ec8       0x34 C:/ST/STM32CubeIDE_1.18.1/STM32CubeIDE/plugins/com.st.stm32cube.ide.mcu.externaltools.gnu-tools-for-stm32.13.3.rel1.win32_1.0.0.202411081344/tools/bin/../lib/gcc/arm-none-eabi/13.3.1/../../../../arm-none-eabi/lib/thumb/v7e-m/nofp\libc_nano.a(libc_a-memmove.o)
                0x08003ec8                memmove
 .text._fstat_r
                0x08003efc       0x24 C:/ST/STM32CubeIDE_1.18.1/STM32CubeIDE/plugins/com.st.stm32cube.ide.mcu.externaltools.gnu-tools-for-stm32.13.3.rel1.win32_1.0.0.202411081344/tools/bin/../lib/gcc/arm-none-eabi/13.3.1/../../../../arm-none-eabi/lib/thumb/v7e-m/nofp\libc_nano.a(libc_a-fstatr.o)
                0x08003efc                _fstat_r
 .text._isatty_r
                0x08003f20       0x20 C:/ST/STM32CubeIDE_1.18.1/STM32CubeIDE/plugins/com.st.stm32cube.ide.mcu.externaltools.gnu-tools-for-stm32.13.3.rel1.win32_1.0.0.202411081344/tools/bin/../lib/gcc/arm-none-eabi/13.3.1/../../../../arm-none-eabi/lib/thumb/v7e-m/nofp\libc_nano.a(libc_a-isattyr.o)
                0x08003f20                _isatty_r
 .text._sbrk_r  0x08003f40       0x20 C:/ST/STM32CubeIDE_1.18.1/STM32CubeIDE/plugins/com.st.stm32cube.ide.mcu.externaltools.gnu-tools-for-stm32.13.3.rel1.win32_1.0.0.202411081344/tools/bin/../lib/gcc/arm-none-eabi/13.3.1/../../../../arm-none-eabi/lib/thumb/v7e-m/nofp\libc_nano.a(libc_a-sbrkr.o)
                0x08003f40                _sbrk_r
 .text._realloc_r
                0x08003f60       0x5c C:/ST/STM32CubeIDE_1.18.1/STM32CubeIDE/plugins/com.st.stm32cube.ide.mcu.externaltools.gnu-tools-for-stm32.13.3.rel1.win32_1.0.0.202411081344/tools/bin/../lib/gcc/arm-none-eabi/13.3.1/../../../../arm-none-eabi/lib/thumb/v7e-m/nofp\libc_nano.a(libc_a-reallocr.o)
                0x08003f60                _realloc_r
 .text._malloc_usable_size_r
                0x08003fbc       0x10 C:/ST/STM32CubeIDE_1.18.1/STM32CubeIDE/plugins/com.st.stm32cube.ide.mcu.externaltools.gnu-tools-for-stm32.13.3.rel1.win32_1.0.0.202411081344/tools/bin/../lib/gcc/arm-none-eabi/13.3.1/../../../../arm-none-eabi/lib/thumb/v7e-m/nofp\libc_nano.a(libc_a-msizer.o)
                0x08003fbc                _malloc_usable_size_r
 *(.glue_7)
 .glue_7        0x08003fcc        0x0 linker stubs
 *(.glue_7t)
 .glue_7t       0x08003fcc        0x0 linker stubs
 *(.eh_frame)
 .eh_frame      0x08003fcc        0x0 C:/ST/STM32CubeIDE_1.18.1/STM32CubeIDE/plugins/com.st.stm32cube.ide.mcu.externaltools.gnu-tools-for-stm32.13.3.rel1.win32_1.0.0.202411081344/tools/bin/../lib/gcc/arm-none-eabi/13.3.1/thumb/v7e-m/nofp/crtbegin.o
 *(.init)
 .init          0x08003fcc        0x4 C:/ST/STM32CubeIDE_1.18.1/STM32CubeIDE/plugins/com.st.stm32cube.ide.mcu.externaltools.gnu-tools-for-stm32.13.3.rel1.win32_1.0.0.202411081344/tools/bin/../lib/gcc/arm-none-eabi/13.3.1/thumb/v7e-m/nofp/crti.o
                0x08003fcc                _init
 .init          0x08003fd0        0x8 C:/ST/STM32CubeIDE_1.18.1/STM32CubeIDE/plugins/com.st.stm32cube.ide.mcu.externaltools.gnu-tools-for-stm32.13.3.rel1.win32_1.0.0.202411081344/tools/bin/../lib/gcc/arm-none-eabi/13.3.1/thumb/v7e-m/nofp/crtn.o
 *(.fini)
 .fini          0x08003fd8        0x4 C:/ST/STM32CubeIDE_1.18.1/STM32CubeIDE/plugins/com.st.stm32cube.ide.mcu.externaltools.gnu-tools-for-stm32.13.3.rel1.win32_1.0.0.202411081344/tools/bin/../lib/gcc/arm-none-eabi/13.3.1/thumb/v7e-m/nofp/crti.o
                0x08003fd8                _fini
 .fini          0x08003fdc        0x8 C:/ST/STM32CubeIDE_1.18.1/STM32CubeIDE/plugins/com.st.stm32cube.ide.mcu.externaltools.gnu-tools-for-stm32.13.3.rel1.win32_1.0.0.202411081344/tools/bin/../lib/gcc/arm-none-eabi/13.3.1/thumb/v7e-m/nofp/crtn.o
                0x08003fe4                        . = ALIGN (0x4)
                0x08003fe4                        _etext = .

.vfp11_veneer   0x08003fe4        0x0
 .vfp11_veneer  0x08003fe4        0x0 linker stubs

.v4_bx          0x08003fe4        0x0
 .v4_bx         0x08003fe4        0x0 linker stubs

.iplt           0x08003fe4        0x0
 .iplt          0x08003fe4        0x0 C:/ST/STM32CubeIDE_1.18.1/STM32CubeIDE/plugins/com.st.stm32cube.ide.mcu.externaltools.gnu-tools-for-stm32.13.3.rel1.win32_1.0.0.202411081344/tools/bin/../lib/gcc/arm-none-eabi/13.3.1/thumb/v7e-m/nofp/crtbegin.o

.rodata         0x08003fe4      0x1c4
                0x08003fe4                        . = ALIGN (0x4)
 *(.rodata)
 .rodata        0x08003fe4        0xf ./Core/EventManagement/src/EventManagement.o
 *fill*         0x08003ff3        0x1 
 .rodata        0x08003ff4       0xfc ./Core/ModeManagement/src/ModeManagement.o
 .rodata        0x080040f0       0x82 ./Src/015uart_tx2.o
 *(.rodata*)
 .rodata._svfprintf_r.str1.1
                0x08004172       0x33 C:/ST/STM32CubeIDE_1.18.1/STM32CubeIDE/plugins/com.st.stm32cube.ide.mcu.externaltools.gnu-tools-for-stm32.13.3.rel1.win32_1.0.0.202411081344/tools/bin/../lib/gcc/arm-none-eabi/13.3.1/../../../../arm-none-eabi/lib/thumb/v7e-m/nofp\libc_nano.a(libc_a-nano-svfprintf.o)
                                 0x11 (size before relaxing)
 .rodata._printf_i.str1.1
                0x080041a5       0x22 C:/ST/STM32CubeIDE_1.18.1/STM32CubeIDE/plugins/com.st.stm32cube.ide.mcu.externaltools.gnu-tools-for-stm32.13.3.rel1.win32_1.0.0.202411081344/tools/bin/../lib/gcc/arm-none-eabi/13.3.1/../../../../arm-none-eabi/lib/thumb/v7e-m/nofp\libc_nano.a(libc_a-nano-vfprintf_i.o)
                0x080041c8                        . = ALIGN (0x4)
 *fill*         0x080041a5        0x3 

.ARM.extab      0x080041a8        0x0
                0x080041a8                        . = ALIGN (0x4)
 *(.ARM.extab* .gnu.linkonce.armextab.*)
                0x080041a8                        . = ALIGN (0x4)

.ARM            0x080041a8        0x8
                0x080041a8                        . = ALIGN (0x4)
                0x080041a8                        __exidx_start = .
 *(.ARM.exidx*)
 .ARM.exidx     0x080041a8        0x8 C:/ST/STM32CubeIDE_1.18.1/STM32CubeIDE/plugins/com.st.stm32cube.ide.mcu.externaltools.gnu-tools-for-stm32.13.3.rel1.win32_1.0.0.202411081344/tools/bin/../lib/gcc/arm-none-eabi/13.3.1/../../../../arm-none-eabi/lib/thumb/v7e-m/nofp\libc_nano.a(libc_a-strlen.o)
 .ARM.exidx     0x080041b0        0x0 C:/ST/STM32CubeIDE_1.18.1/STM32CubeIDE/plugins/com.st.stm32cube.ide.mcu.externaltools.gnu-tools-for-stm32.13.3.rel1.win32_1.0.0.202411081344/tools/bin/../lib/gcc/arm-none-eabi/13.3.1/../../../../arm-none-eabi/lib/thumb/v7e-m/nofp\libc_nano.a(libc_a-memchr.o)
                                  0x8 (size before relaxing)
                0x080041b0                        __exidx_end = .
                0x080041b0                        . = ALIGN (0x4)

.preinit_array  0x080041b0        0x0
                0x080041b0                        . = ALIGN (0x4)
                0x080041b0                        PROVIDE (__preinit_array_start = .)
 *(.preinit_array*)
                0x080041b0                        PROVIDE (__preinit_array_end = .)
                0x080041b0                        . = ALIGN (0x4)

.init_array     0x080041b0        0x4
                0x080041b0                        . = ALIGN (0x4)
                0x080041b0                        PROVIDE (__init_array_start = .)
 *(SORT_BY_NAME(.init_array.*))
 *(.init_array*)
 .init_array    0x080041b0        0x4 C:/ST/STM32CubeIDE_1.18.1/STM32CubeIDE/plugins/com.st.stm32cube.ide.mcu.externaltools.gnu-tools-for-stm32.13.3.rel1.win32_1.0.0.202411081344/tools/bin/../lib/gcc/arm-none-eabi/13.3.1/thumb/v7e-m/nofp/crtbegin.o
                0x080041b4                        PROVIDE (__init_array_end = .)
                0x080041b4                        . = ALIGN (0x4)

.fini_array     0x080041b4        0x4
                0x080041b4                        . = ALIGN (0x4)
                [!provide]                        PROVIDE (__fini_array_start = .)
 *(SORT_BY_NAME(.fini_array.*))
 *(.fini_array*)
 .fini_array    0x080041b4        0x4 C:/ST/STM32CubeIDE_1.18.1/STM32CubeIDE/plugins/com.st.stm32cube.ide.mcu.externaltools.gnu-tools-for-stm32.13.3.rel1.win32_1.0.0.202411081344/tools/bin/../lib/gcc/arm-none-eabi/13.3.1/thumb/v7e-m/nofp/crtbegin.o
                [!provide]                        PROVIDE (__fini_array_end = .)
                0x080041b8                        . = ALIGN (0x4)
                0x080041b8                        _sidata = LOADADDR (.data)

.rel.dyn        0x080041b8        0x0
 .rel.iplt      0x080041b8        0x0 C:/ST/STM32CubeIDE_1.18.1/STM32CubeIDE/plugins/com.st.stm32cube.ide.mcu.externaltools.gnu-tools-for-stm32.13.3.rel1.win32_1.0.0.202411081344/tools/bin/../lib/gcc/arm-none-eabi/13.3.1/thumb/v7e-m/nofp/crtbegin.o

.data           0x20000000      0x324 load address 0x080041b8
                0x20000000                        . = ALIGN (0x4)
                0x20000000                        _sdata = .
 *(.data)
 *(.data*)
 .data.CandidateVoting_Status_Default
                0x20000000      0x230 ./Core/EventManagement/src/EventManagement_Cfg.o
                0x20000000                CandidateVoting_Status_Default
 .data.Event_GPIO_Handle
                0x20000230       0x60 ./Core/EventManagement/src/EventManagement_Cfg.o
                0x20000230                Event_GPIO_Handle
 .data.AHB_PreScaler
                0x20000290       0x10 ./Drivers/HAL_Drivers/src/stm32f407xx_rcc_driver.o
                0x20000290                AHB_PreScaler
 .data.APB1_PreScaler
                0x200002a0        0x4 ./Drivers/HAL_Drivers/src/stm32f407xx_rcc_driver.o
                0x200002a0                APB1_PreScaler
 .data.task_table
                0x200002a4       0x24 ./Middleware/Schedular/CoperativeSchedular/src/sched.o
                0x200002a4                task_table
 .data.__sglue  0x200002c8        0xc C:/ST/STM32CubeIDE_1.18.1/STM32CubeIDE/plugins/com.st.stm32cube.ide.mcu.externaltools.gnu-tools-for-stm32.13.3.rel1.win32_1.0.0.202411081344/tools/bin/../lib/gcc/arm-none-eabi/13.3.1/../../../../arm-none-eabi/lib/thumb/v7e-m/nofp\libc_nano.a(libc_a-findfp.o)
                0x200002c8                __sglue
 .data._impure_ptr
                0x200002d4        0x4 C:/ST/STM32CubeIDE_1.18.1/STM32CubeIDE/plugins/com.st.stm32cube.ide.mcu.externaltools.gnu-tools-for-stm32.13.3.rel1.win32_1.0.0.202411081344/tools/bin/../lib/gcc/arm-none-eabi/13.3.1/../../../../arm-none-eabi/lib/thumb/v7e-m/nofp\libc_nano.a(libc_a-impure.o)
                0x200002d4                _impure_ptr
 .data._impure_data
                0x200002d8       0x4c C:/ST/STM32CubeIDE_1.18.1/STM32CubeIDE/plugins/com.st.stm32cube.ide.mcu.externaltools.gnu-tools-for-stm32.13.3.rel1.win32_1.0.0.202411081344/tools/bin/../lib/gcc/arm-none-eabi/13.3.1/../../../../arm-none-eabi/lib/thumb/v7e-m/nofp\libc_nano.a(libc_a-impure.o)
                0x200002d8                _impure_data
 *(.RamFunc)
 *(.RamFunc*)
                0x20000324                        . = ALIGN (0x4)
                0x20000324                        _edata = .
                0x080044dc                        _siccmram = LOADADDR (.ccmram)

.igot.plt       0x20000324        0x0 load address 0x080044dc
 .igot.plt      0x20000324        0x0 C:/ST/STM32CubeIDE_1.18.1/STM32CubeIDE/plugins/com.st.stm32cube.ide.mcu.externaltools.gnu-tools-for-stm32.13.3.rel1.win32_1.0.0.202411081344/tools/bin/../lib/gcc/arm-none-eabi/13.3.1/thumb/v7e-m/nofp/crtbegin.o

.ccmram         0x10000000        0x0 load address 0x080044dc
                0x10000000                        . = ALIGN (0x4)
                0x10000000                        _sccmram = .
 *(.ccmram)
 *(.ccmram*)
                0x10000000                        . = ALIGN (0x4)
                0x10000000                        _eccmram = .
                0x10000000                        . = ALIGN (0x4)

.bss            0x20000324     0x105c
                0x20000324                        _sbss = .
                0x20000324                        __bss_start__ = _sbss
 *(.bss)
 .bss           0x20000324       0x1c C:/ST/STM32CubeIDE_1.18.1/STM32CubeIDE/plugins/com.st.stm32cube.ide.mcu.externaltools.gnu-tools-for-stm32.13.3.rel1.win32_1.0.0.202411081344/tools/bin/../lib/gcc/arm-none-eabi/13.3.1/thumb/v7e-m/nofp/crtbegin.o
 *(.bss*)
 .bss.Event_Key
                0x20000340        0x2 ./Core/EventManagement/src/EventManagement.o
                0x20000340                Event_Key
 *fill*         0x20000342        0x2 
 .bss.CandidateVoting_Status
                0x20000344      0x230 ./Core/EventManagement/src/EventManagement_Cfg.o
                0x20000344                CandidateVoting_Status
 .bss.Dcm_Process
                0x20000574      0x805 ./Core/ModeManagement/src/ModeManagement.o
                0x20000574                Dcm_Process
 *fill*         0x20000d79        0x3 
 .bss.ModeManagement
                0x20000d7c        0x2 ./Core/ModeManagement/src/ModeManagement.o
                0x20000d7c                ModeManagement
 *fill*         0x20000d7e        0x2 
 .bss.ascii_array
                0x20000d80        0xa ./Core/ModeManagement/src/ModeManagement.o
                0x20000d80                ascii_array
 .bss.request_rx_state.0
                0x20000d8a        0x1 ./Core/ModeManagement/src/ModeManagement.o
 *fill*         0x20000d8b        0x1 
 .bss.LCD_JobQueue
                0x20000d8c      0x464 ./Drivers/BSP/src/lcd.o
                0x20000d8c                LCD_JobQueue
 .bss.os_time_tick.3
                0x200011f0        0x4 ./Drivers/BSP/src/lcd.o
 .bss.activeJob.2
                0x200011f4        0x4 ./Drivers/BSP/src/lcd.o
 .bss.lastTick.1
                0x200011f8        0x4 ./Drivers/BSP/src/lcd.o
 .bss.scrollIndex.0
                0x200011fc        0x1 ./Drivers/BSP/src/lcd.o
 *fill*         0x200011fd        0x3 
 .bss.delay_counter
                0x20001200        0x4 ./Drivers/HAL_Drivers/src/stm32f407xx_timer_driver.o
 .bss.os_tick_count
                0x20001204        0x4 ./Drivers/HAL_Drivers/src/stm32f407xx_timer_driver.o
                0x20001204                os_tick_count
 .bss.delay_done
                0x20001208        0x1 ./Drivers/HAL_Drivers/src/stm32f407xx_timer_driver.o
                0x20001208                delay_done
 *fill*         0x20001209        0x3 
 .bss.usart2_handle
                0x2000120c       0x24 ./Drivers/HAL_Drivers/src/stm32f407xx_usart_driver.o
                0x2000120c                usart2_handle
 .bss.__sbrk_heap_end
                0x20001230        0x4 ./Src/sysmem.o
 .bss.__sf      0x20001234      0x138 C:/ST/STM32CubeIDE_1.18.1/STM32CubeIDE/plugins/com.st.stm32cube.ide.mcu.externaltools.gnu-tools-for-stm32.13.3.rel1.win32_1.0.0.202411081344/tools/bin/../lib/gcc/arm-none-eabi/13.3.1/../../../../arm-none-eabi/lib/thumb/v7e-m/nofp\libc_nano.a(libc_a-findfp.o)
                0x20001234                __sf
 .bss.__stdio_exit_handler
                0x2000136c        0x4 C:/ST/STM32CubeIDE_1.18.1/STM32CubeIDE/plugins/com.st.stm32cube.ide.mcu.externaltools.gnu-tools-for-stm32.13.3.rel1.win32_1.0.0.202411081344/tools/bin/../lib/gcc/arm-none-eabi/13.3.1/../../../../arm-none-eabi/lib/thumb/v7e-m/nofp\libc_nano.a(libc_a-findfp.o)
                0x2000136c                __stdio_exit_handler
 .bss.errno     0x20001370        0x4 C:/ST/STM32CubeIDE_1.18.1/STM32CubeIDE/plugins/com.st.stm32cube.ide.mcu.externaltools.gnu-tools-for-stm32.13.3.rel1.win32_1.0.0.202411081344/tools/bin/../lib/gcc/arm-none-eabi/13.3.1/../../../../arm-none-eabi/lib/thumb/v7e-m/nofp\libc_nano.a(libc_a-reent.o)
                0x20001370                errno
 .bss.__lock___malloc_recursive_mutex
                0x20001374        0x1 C:/ST/STM32CubeIDE_1.18.1/STM32CubeIDE/plugins/com.st.stm32cube.ide.mcu.externaltools.gnu-tools-for-stm32.13.3.rel1.win32_1.0.0.202411081344/tools/bin/../lib/gcc/arm-none-eabi/13.3.1/../../../../arm-none-eabi/lib/thumb/v7e-m/nofp\libc_nano.a(libc_a-lock.o)
                0x20001374                __lock___malloc_recursive_mutex
 .bss.__lock___sfp_recursive_mutex
                0x20001375        0x1 C:/ST/STM32CubeIDE_1.18.1/STM32CubeIDE/plugins/com.st.stm32cube.ide.mcu.externaltools.gnu-tools-for-stm32.13.3.rel1.win32_1.0.0.202411081344/tools/bin/../lib/gcc/arm-none-eabi/13.3.1/../../../../arm-none-eabi/lib/thumb/v7e-m/nofp\libc_nano.a(libc_a-lock.o)
                0x20001375                __lock___sfp_recursive_mutex
 *fill*         0x20001376        0x2 
 .bss.__malloc_sbrk_start
                0x20001378        0x4 C:/ST/STM32CubeIDE_1.18.1/STM32CubeIDE/plugins/com.st.stm32cube.ide.mcu.externaltools.gnu-tools-for-stm32.13.3.rel1.win32_1.0.0.202411081344/tools/bin/../lib/gcc/arm-none-eabi/13.3.1/../../../../arm-none-eabi/lib/thumb/v7e-m/nofp\libc_nano.a(libc_a-mallocr.o)
                0x20001378                __malloc_sbrk_start
 .bss.__malloc_free_list
                0x2000137c        0x4 C:/ST/STM32CubeIDE_1.18.1/STM32CubeIDE/plugins/com.st.stm32cube.ide.mcu.externaltools.gnu-tools-for-stm32.13.3.rel1.win32_1.0.0.202411081344/tools/bin/../lib/gcc/arm-none-eabi/13.3.1/../../../../arm-none-eabi/lib/thumb/v7e-m/nofp\libc_nano.a(libc_a-mallocr.o)
                0x2000137c                __malloc_free_list
 *(COMMON)
                0x20001380                        . = ALIGN (0x4)
                0x20001380                        _ebss = .
                0x20001380                        __bss_end__ = _ebss

._user_heap_stack
                0x20001380      0x600
                0x20001380                        . = ALIGN (0x8)
                [!provide]                        PROVIDE (end = .)
                0x20001380                        PROVIDE (_end = .)
                0x20001580                        . = (. + _Min_Heap_Size)
 *fill*         0x20001380      0x200 
                0x20001980                        . = (. + _Min_Stack_Size)
 *fill*         0x20001580      0x400 
                0x20001980                        . = ALIGN (0x8)

/DISCARD/
 libc.a(*)
 libm.a(*)
 libgcc.a(*)

.ARM.attributes
                0x00000000       0x2a
 *(.ARM.attributes)
 .ARM.attributes
                0x00000000       0x1e C:/ST/STM32CubeIDE_1.18.1/STM32CubeIDE/plugins/com.st.stm32cube.ide.mcu.externaltools.gnu-tools-for-stm32.13.3.rel1.win32_1.0.0.202411081344/tools/bin/../lib/gcc/arm-none-eabi/13.3.1/thumb/v7e-m/nofp/crti.o
 .ARM.attributes
                0x0000001e       0x2e C:/ST/STM32CubeIDE_1.18.1/STM32CubeIDE/plugins/com.st.stm32cube.ide.mcu.externaltools.gnu-tools-for-stm32.13.3.rel1.win32_1.0.0.202411081344/tools/bin/../lib/gcc/arm-none-eabi/13.3.1/thumb/v7e-m/nofp/crtbegin.o
 .ARM.attributes
                0x0000004c       0x2e ./Core/EventManagement/src/EventManagement.o
 .ARM.attributes
                0x0000007a       0x2e ./Core/EventManagement/src/EventManagement_Cfg.o
 .ARM.attributes
                0x000000a8       0x2e ./Core/ModeManagement/src/ModeManagement.o
 .ARM.attributes
                0x000000d6       0x2e ./Drivers/BSP/src/lcd.o
 .ARM.attributes
                0x00000104       0x2e ./Drivers/HAL_Drivers/src/stm32f407xx_gpio_driver.o
 .ARM.attributes
                0x00000132       0x2e ./Drivers/HAL_Drivers/src/stm32f407xx_rcc_driver.o
 .ARM.attributes
                0x00000160       0x2e ./Drivers/HAL_Drivers/src/stm32f407xx_timer_driver.o
 .ARM.attributes
                0x0000018e       0x2e ./Drivers/HAL_Drivers/src/stm32f407xx_usart_driver.o
 .ARM.attributes
                0x000001bc       0x2e ./Middleware/Schedular/CoperativeSchedular/src/sched.o
 .ARM.attributes
                0x000001ea       0x2e ./Middleware/Schedular/CoperativeSchedular/src/task.o
 .ARM.attributes
                0x00000218       0x2e ./Src/015uart_tx2.o
 .ARM.attributes
                0x00000246       0x2e ./Src/syscalls.o
 .ARM.attributes
                0x00000274       0x2e ./Src/sysmem.o
 .ARM.attributes
                0x000002a2       0x21 ./Startup/startup_stm32f407vgtx.o
 .ARM.attributes
                0x000002c3       0x2e C:/ST/STM32CubeIDE_1.18.1/STM32CubeIDE/plugins/com.st.stm32cube.ide.mcu.externaltools.gnu-tools-for-stm32.13.3.rel1.win32_1.0.0.202411081344/tools/bin/../lib/gcc/arm-none-eabi/13.3.1/../../../../arm-none-eabi/lib/thumb/v7e-m/nofp\libc_nano.a(libc_a-findfp.o)
 .ARM.attributes
                0x000002f1       0x2e C:/ST/STM32CubeIDE_1.18.1/STM32CubeIDE/plugins/com.st.stm32cube.ide.mcu.externaltools.gnu-tools-for-stm32.13.3.rel1.win32_1.0.0.202411081344/tools/bin/../lib/gcc/arm-none-eabi/13.3.1/../../../../arm-none-eabi/lib/thumb/v7e-m/nofp\libc_nano.a(libc_a-fwalk.o)
 .ARM.attributes
                0x0000031f       0x2e C:/ST/STM32CubeIDE_1.18.1/STM32CubeIDE/plugins/com.st.stm32cube.ide.mcu.externaltools.gnu-tools-for-stm32.13.3.rel1.win32_1.0.0.202411081344/tools/bin/../lib/gcc/arm-none-eabi/13.3.1/../../../../arm-none-eabi/lib/thumb/v7e-m/nofp\libc_nano.a(libc_a-puts.o)
 .ARM.attributes
                0x0000034d       0x2e C:/ST/STM32CubeIDE_1.18.1/STM32CubeIDE/plugins/com.st.stm32cube.ide.mcu.externaltools.gnu-tools-for-stm32.13.3.rel1.win32_1.0.0.202411081344/tools/bin/../lib/gcc/arm-none-eabi/13.3.1/../../../../arm-none-eabi/lib/thumb/v7e-m/nofp\libc_nano.a(libc_a-sprintf.o)
 .ARM.attributes
                0x0000037b       0x2e C:/ST/STM32CubeIDE_1.18.1/STM32CubeIDE/plugins/com.st.stm32cube.ide.mcu.externaltools.gnu-tools-for-stm32.13.3.rel1.win32_1.0.0.202411081344/tools/bin/../lib/gcc/arm-none-eabi/13.3.1/../../../../arm-none-eabi/lib/thumb/v7e-m/nofp\libc_nano.a(libc_a-stdio.o)
 .ARM.attributes
                0x000003a9       0x2e C:/ST/STM32CubeIDE_1.18.1/STM32CubeIDE/plugins/com.st.stm32cube.ide.mcu.externaltools.gnu-tools-for-stm32.13.3.rel1.win32_1.0.0.202411081344/tools/bin/../lib/gcc/arm-none-eabi/13.3.1/../../../../arm-none-eabi/lib/thumb/v7e-m/nofp\libc_nano.a(libc_a-wbuf.o)
 .ARM.attributes
                0x000003d7       0x2e C:/ST/STM32CubeIDE_1.18.1/STM32CubeIDE/plugins/com.st.stm32cube.ide.mcu.externaltools.gnu-tools-for-stm32.13.3.rel1.win32_1.0.0.202411081344/tools/bin/../lib/gcc/arm-none-eabi/13.3.1/../../../../arm-none-eabi/lib/thumb/v7e-m/nofp\libc_nano.a(libc_a-wsetup.o)
 .ARM.attributes
                0x00000405       0x2e C:/ST/STM32CubeIDE_1.18.1/STM32CubeIDE/plugins/com.st.stm32cube.ide.mcu.externaltools.gnu-tools-for-stm32.13.3.rel1.win32_1.0.0.202411081344/tools/bin/../lib/gcc/arm-none-eabi/13.3.1/../../../../arm-none-eabi/lib/thumb/v7e-m/nofp\libc_nano.a(libc_a-memset.o)
 .ARM.attributes
                0x00000433       0x2e C:/ST/STM32CubeIDE_1.18.1/STM32CubeIDE/plugins/com.st.stm32cube.ide.mcu.externaltools.gnu-tools-for-stm32.13.3.rel1.win32_1.0.0.202411081344/tools/bin/../lib/gcc/arm-none-eabi/13.3.1/../../../../arm-none-eabi/lib/thumb/v7e-m/nofp\libc_nano.a(libc_a-strcat.o)
 .ARM.attributes
                0x00000461       0x2e C:/ST/STM32CubeIDE_1.18.1/STM32CubeIDE/plugins/com.st.stm32cube.ide.mcu.externaltools.gnu-tools-for-stm32.13.3.rel1.win32_1.0.0.202411081344/tools/bin/../lib/gcc/arm-none-eabi/13.3.1/../../../../arm-none-eabi/lib/thumb/v7e-m/nofp\libc_nano.a(libc_a-closer.o)
 .ARM.attributes
                0x0000048f       0x2e C:/ST/STM32CubeIDE_1.18.1/STM32CubeIDE/plugins/com.st.stm32cube.ide.mcu.externaltools.gnu-tools-for-stm32.13.3.rel1.win32_1.0.0.202411081344/tools/bin/../lib/gcc/arm-none-eabi/13.3.1/../../../../arm-none-eabi/lib/thumb/v7e-m/nofp\libc_nano.a(libc_a-reent.o)
 .ARM.attributes
                0x000004bd       0x2e C:/ST/STM32CubeIDE_1.18.1/STM32CubeIDE/plugins/com.st.stm32cube.ide.mcu.externaltools.gnu-tools-for-stm32.13.3.rel1.win32_1.0.0.202411081344/tools/bin/../lib/gcc/arm-none-eabi/13.3.1/../../../../arm-none-eabi/lib/thumb/v7e-m/nofp\libc_nano.a(libc_a-impure.o)
 .ARM.attributes
                0x000004eb       0x2e C:/ST/STM32CubeIDE_1.18.1/STM32CubeIDE/plugins/com.st.stm32cube.ide.mcu.externaltools.gnu-tools-for-stm32.13.3.rel1.win32_1.0.0.202411081344/tools/bin/../lib/gcc/arm-none-eabi/13.3.1/../../../../arm-none-eabi/lib/thumb/v7e-m/nofp\libc_nano.a(libc_a-lseekr.o)
 .ARM.attributes
                0x00000519       0x2e C:/ST/STM32CubeIDE_1.18.1/STM32CubeIDE/plugins/com.st.stm32cube.ide.mcu.externaltools.gnu-tools-for-stm32.13.3.rel1.win32_1.0.0.202411081344/tools/bin/../lib/gcc/arm-none-eabi/13.3.1/../../../../arm-none-eabi/lib/thumb/v7e-m/nofp\libc_nano.a(libc_a-readr.o)
 .ARM.attributes
                0x00000547       0x2e C:/ST/STM32CubeIDE_1.18.1/STM32CubeIDE/plugins/com.st.stm32cube.ide.mcu.externaltools.gnu-tools-for-stm32.13.3.rel1.win32_1.0.0.202411081344/tools/bin/../lib/gcc/arm-none-eabi/13.3.1/../../../../arm-none-eabi/lib/thumb/v7e-m/nofp\libc_nano.a(libc_a-writer.o)
 .ARM.attributes
                0x00000575       0x2e C:/ST/STM32CubeIDE_1.18.1/STM32CubeIDE/plugins/com.st.stm32cube.ide.mcu.externaltools.gnu-tools-for-stm32.13.3.rel1.win32_1.0.0.202411081344/tools/bin/../lib/gcc/arm-none-eabi/13.3.1/../../../../arm-none-eabi/lib/thumb/v7e-m/nofp\libc_nano.a(libc_a-errno.o)
 .ARM.attributes
                0x000005a3       0x2e C:/ST/STM32CubeIDE_1.18.1/STM32CubeIDE/plugins/com.st.stm32cube.ide.mcu.externaltools.gnu-tools-for-stm32.13.3.rel1.win32_1.0.0.202411081344/tools/bin/../lib/gcc/arm-none-eabi/13.3.1/../../../../arm-none-eabi/lib/thumb/v7e-m/nofp\libc_nano.a(libc_a-init.o)
 .ARM.attributes
                0x000005d1       0x2e C:/ST/STM32CubeIDE_1.18.1/STM32CubeIDE/plugins/com.st.stm32cube.ide.mcu.externaltools.gnu-tools-for-stm32.13.3.rel1.win32_1.0.0.202411081344/tools/bin/../lib/gcc/arm-none-eabi/13.3.1/../../../../arm-none-eabi/lib/thumb/v7e-m/nofp\libc_nano.a(libc_a-lock.o)
 .ARM.attributes
                0x000005ff       0x2e C:/ST/STM32CubeIDE_1.18.1/STM32CubeIDE/plugins/com.st.stm32cube.ide.mcu.externaltools.gnu-tools-for-stm32.13.3.rel1.win32_1.0.0.202411081344/tools/bin/../lib/gcc/arm-none-eabi/13.3.1/../../../../arm-none-eabi/lib/thumb/v7e-m/nofp\libc_nano.a(libc_a-strcpy.o)
 .ARM.attributes
                0x0000062d       0x2e C:/ST/STM32CubeIDE_1.18.1/STM32CubeIDE/plugins/com.st.stm32cube.ide.mcu.externaltools.gnu-tools-for-stm32.13.3.rel1.win32_1.0.0.202411081344/tools/bin/../lib/gcc/arm-none-eabi/13.3.1/../../../../arm-none-eabi/lib/thumb/v7e-m/nofp\libc_nano.a(libc_a-memcpy-stub.o)
 .ARM.attributes
                0x0000065b       0x17 C:/ST/STM32CubeIDE_1.18.1/STM32CubeIDE/plugins/com.st.stm32cube.ide.mcu.externaltools.gnu-tools-for-stm32.13.3.rel1.win32_1.0.0.202411081344/tools/bin/../lib/gcc/arm-none-eabi/13.3.1/../../../../arm-none-eabi/lib/thumb/v7e-m/nofp\libc_nano.a(libc_a-strlen.o)
 .ARM.attributes
                0x00000672       0x2e C:/ST/STM32CubeIDE_1.18.1/STM32CubeIDE/plugins/com.st.stm32cube.ide.mcu.externaltools.gnu-tools-for-stm32.13.3.rel1.win32_1.0.0.202411081344/tools/bin/../lib/gcc/arm-none-eabi/13.3.1/../../../../arm-none-eabi/lib/thumb/v7e-m/nofp\libc_nano.a(libc_a-freer.o)
 .ARM.attributes
                0x000006a0       0x2e C:/ST/STM32CubeIDE_1.18.1/STM32CubeIDE/plugins/com.st.stm32cube.ide.mcu.externaltools.gnu-tools-for-stm32.13.3.rel1.win32_1.0.0.202411081344/tools/bin/../lib/gcc/arm-none-eabi/13.3.1/../../../../arm-none-eabi/lib/thumb/v7e-m/nofp\libc_nano.a(libc_a-mallocr.o)
 .ARM.attributes
                0x000006ce       0x2e C:/ST/STM32CubeIDE_1.18.1/STM32CubeIDE/plugins/com.st.stm32cube.ide.mcu.externaltools.gnu-tools-for-stm32.13.3.rel1.win32_1.0.0.202411081344/tools/bin/../lib/gcc/arm-none-eabi/13.3.1/../../../../arm-none-eabi/lib/thumb/v7e-m/nofp\libc_nano.a(libc_a-mlock.o)
 .ARM.attributes
                0x000006fc       0x2e C:/ST/STM32CubeIDE_1.18.1/STM32CubeIDE/plugins/com.st.stm32cube.ide.mcu.externaltools.gnu-tools-for-stm32.13.3.rel1.win32_1.0.0.202411081344/tools/bin/../lib/gcc/arm-none-eabi/13.3.1/../../../../arm-none-eabi/lib/thumb/v7e-m/nofp\libc_nano.a(libc_a-nano-svfprintf.o)
 .ARM.attributes
                0x0000072a       0x2e C:/ST/STM32CubeIDE_1.18.1/STM32CubeIDE/plugins/com.st.stm32cube.ide.mcu.externaltools.gnu-tools-for-stm32.13.3.rel1.win32_1.0.0.202411081344/tools/bin/../lib/gcc/arm-none-eabi/13.3.1/../../../../arm-none-eabi/lib/thumb/v7e-m/nofp\libc_nano.a(libc_a-nano-vfprintf_i.o)
 .ARM.attributes
                0x00000758       0x2e C:/ST/STM32CubeIDE_1.18.1/STM32CubeIDE/plugins/com.st.stm32cube.ide.mcu.externaltools.gnu-tools-for-stm32.13.3.rel1.win32_1.0.0.202411081344/tools/bin/../lib/gcc/arm-none-eabi/13.3.1/../../../../arm-none-eabi/lib/thumb/v7e-m/nofp\libc_nano.a(libc_a-fflush.o)
 .ARM.attributes
                0x00000786       0x2e C:/ST/STM32CubeIDE_1.18.1/STM32CubeIDE/plugins/com.st.stm32cube.ide.mcu.externaltools.gnu-tools-for-stm32.13.3.rel1.win32_1.0.0.202411081344/tools/bin/../lib/gcc/arm-none-eabi/13.3.1/../../../../arm-none-eabi/lib/thumb/v7e-m/nofp\libc_nano.a(libc_a-makebuf.o)
 .ARM.attributes
                0x000007b4       0x2e C:/ST/STM32CubeIDE_1.18.1/STM32CubeIDE/plugins/com.st.stm32cube.ide.mcu.externaltools.gnu-tools-for-stm32.13.3.rel1.win32_1.0.0.202411081344/tools/bin/../lib/gcc/arm-none-eabi/13.3.1/../../../../arm-none-eabi/lib/thumb/v7e-m/nofp\libc_nano.a(libc_a-memmove.o)
 .ARM.attributes
                0x000007e2       0x2e C:/ST/STM32CubeIDE_1.18.1/STM32CubeIDE/plugins/com.st.stm32cube.ide.mcu.externaltools.gnu-tools-for-stm32.13.3.rel1.win32_1.0.0.202411081344/tools/bin/../lib/gcc/arm-none-eabi/13.3.1/../../../../arm-none-eabi/lib/thumb/v7e-m/nofp\libc_nano.a(libc_a-fstatr.o)
 .ARM.attributes
                0x00000810       0x2e C:/ST/STM32CubeIDE_1.18.1/STM32CubeIDE/plugins/com.st.stm32cube.ide.mcu.externaltools.gnu-tools-for-stm32.13.3.rel1.win32_1.0.0.202411081344/tools/bin/../lib/gcc/arm-none-eabi/13.3.1/../../../../arm-none-eabi/lib/thumb/v7e-m/nofp\libc_nano.a(libc_a-isattyr.o)
 .ARM.attributes
                0x0000083e       0x2e C:/ST/STM32CubeIDE_1.18.1/STM32CubeIDE/plugins/com.st.stm32cube.ide.mcu.externaltools.gnu-tools-for-stm32.13.3.rel1.win32_1.0.0.202411081344/tools/bin/../lib/gcc/arm-none-eabi/13.3.1/../../../../arm-none-eabi/lib/thumb/v7e-m/nofp\libc_nano.a(libc_a-sbrkr.o)
 .ARM.attributes
                0x0000086c       0x1c C:/ST/STM32CubeIDE_1.18.1/STM32CubeIDE/plugins/com.st.stm32cube.ide.mcu.externaltools.gnu-tools-for-stm32.13.3.rel1.win32_1.0.0.202411081344/tools/bin/../lib/gcc/arm-none-eabi/13.3.1/../../../../arm-none-eabi/lib/thumb/v7e-m/nofp\libc_nano.a(libc_a-memchr.o)
 .ARM.attributes
                0x00000888       0x2e C:/ST/STM32CubeIDE_1.18.1/STM32CubeIDE/plugins/com.st.stm32cube.ide.mcu.externaltools.gnu-tools-for-stm32.13.3.rel1.win32_1.0.0.202411081344/tools/bin/../lib/gcc/arm-none-eabi/13.3.1/../../../../arm-none-eabi/lib/thumb/v7e-m/nofp\libc_nano.a(libc_a-reallocr.o)
 .ARM.attributes
                0x000008b6       0x2e C:/ST/STM32CubeIDE_1.18.1/STM32CubeIDE/plugins/com.st.stm32cube.ide.mcu.externaltools.gnu-tools-for-stm32.13.3.rel1.win32_1.0.0.202411081344/tools/bin/../lib/gcc/arm-none-eabi/13.3.1/../../../../arm-none-eabi/lib/thumb/v7e-m/nofp\libc_nano.a(libc_a-msizer.o)
 .ARM.attributes
                0x000008e4       0x1e C:/ST/STM32CubeIDE_1.18.1/STM32CubeIDE/plugins/com.st.stm32cube.ide.mcu.externaltools.gnu-tools-for-stm32.13.3.rel1.win32_1.0.0.202411081344/tools/bin/../lib/gcc/arm-none-eabi/13.3.1/thumb/v7e-m/nofp/crtn.o
OUTPUT(EVM_Project.elf elf32-littlearm)
LOAD linker stubs
LOAD C:/ST/STM32CubeIDE_1.18.1/STM32CubeIDE/plugins/com.st.stm32cube.ide.mcu.externaltools.gnu-tools-for-stm32.13.3.rel1.win32_1.0.0.202411081344/tools/bin/../lib/gcc/arm-none-eabi/13.3.1/../../../../arm-none-eabi/lib/thumb/v7e-m/nofp\libc.a
LOAD C:/ST/STM32CubeIDE_1.18.1/STM32CubeIDE/plugins/com.st.stm32cube.ide.mcu.externaltools.gnu-tools-for-stm32.13.3.rel1.win32_1.0.0.202411081344/tools/bin/../lib/gcc/arm-none-eabi/13.3.1/../../../../arm-none-eabi/lib/thumb/v7e-m/nofp\libm.a
LOAD C:/ST/STM32CubeIDE_1.18.1/STM32CubeIDE/plugins/com.st.stm32cube.ide.mcu.externaltools.gnu-tools-for-stm32.13.3.rel1.win32_1.0.0.202411081344/tools/bin/../lib/gcc/arm-none-eabi/13.3.1/thumb/v7e-m/nofp\libgcc.a

.debug_info     0x00000000     0x40d6
 .debug_info    0x00000000      0x653 ./Core/EventManagement/src/EventManagement.o
 .debug_info    0x00000653      0x2e8 ./Core/EventManagement/src/EventManagement_Cfg.o
 .debug_info    0x0000093b      0xa01 ./Core/ModeManagement/src/ModeManagement.o
 .debug_info    0x0000133c      0x5c8 ./Drivers/BSP/src/lcd.o
 .debug_info    0x00001904      0x770 ./Drivers/HAL_Drivers/src/stm32f407xx_gpio_driver.o
 .debug_info    0x00002074      0x393 ./Drivers/HAL_Drivers/src/stm32f407xx_rcc_driver.o
 .debug_info    0x00002407      0x3d4 ./Drivers/HAL_Drivers/src/stm32f407xx_timer_driver.o
 .debug_info    0x000027db      0xa44 ./Drivers/HAL_Drivers/src/stm32f407xx_usart_driver.o
 .debug_info    0x0000321f      0x14b ./Middleware/Schedular/CoperativeSchedular/src/sched.o
 .debug_info    0x0000336a      0x12e ./Middleware/Schedular/CoperativeSchedular/src/task.o
 .debug_info    0x00003498      0x3d5 ./Src/015uart_tx2.o
 .debug_info    0x0000386d      0x6d1 ./Src/syscalls.o
 .debug_info    0x00003f3e      0x168 ./Src/sysmem.o
 .debug_info    0x000040a6       0x30 ./Startup/startup_stm32f407vgtx.o

.debug_abbrev   0x00000000     0x14a9
 .debug_abbrev  0x00000000      0x223 ./Core/EventManagement/src/EventManagement.o
 .debug_abbrev  0x00000223       0xb9 ./Core/EventManagement/src/EventManagement_Cfg.o
 .debug_abbrev  0x000002dc      0x2d0 ./Core/ModeManagement/src/ModeManagement.o
 .debug_abbrev  0x000005ac      0x29a ./Drivers/BSP/src/lcd.o
 .debug_abbrev  0x00000846      0x17a ./Drivers/HAL_Drivers/src/stm32f407xx_gpio_driver.o
 .debug_abbrev  0x000009c0      0x113 ./Drivers/HAL_Drivers/src/stm32f407xx_rcc_driver.o
 .debug_abbrev  0x00000ad3      0x187 ./Drivers/HAL_Drivers/src/stm32f407xx_timer_driver.o
 .debug_abbrev  0x00000c5a      0x255 ./Drivers/HAL_Drivers/src/stm32f407xx_usart_driver.o
 .debug_abbrev  0x00000eaf       0xed ./Middleware/Schedular/CoperativeSchedular/src/sched.o
 .debug_abbrev  0x00000f9c       0xb8 ./Middleware/Schedular/CoperativeSchedular/src/task.o
 .debug_abbrev  0x00001054      0x1c4 ./Src/015uart_tx2.o
 .debug_abbrev  0x00001218      0x1b1 ./Src/syscalls.o
 .debug_abbrev  0x000013c9       0xbc ./Src/sysmem.o
 .debug_abbrev  0x00001485       0x24 ./Startup/startup_stm32f407vgtx.o

.debug_aranges  0x00000000      0x4a0
 .debug_aranges
                0x00000000       0x70 ./Core/EventManagement/src/EventManagement.o
 .debug_aranges
                0x00000070       0x18 ./Core/EventManagement/src/EventManagement_Cfg.o
 .debug_aranges
                0x00000088       0x48 ./Core/ModeManagement/src/ModeManagement.o
 .debug_aranges
                0x000000d0       0x98 ./Drivers/BSP/src/lcd.o
 .debug_aranges
                0x00000168       0x70 ./Drivers/HAL_Drivers/src/stm32f407xx_gpio_driver.o
 .debug_aranges
                0x000001d8       0x30 ./Drivers/HAL_Drivers/src/stm32f407xx_rcc_driver.o
 .debug_aranges
                0x00000208       0x60 ./Drivers/HAL_Drivers/src/stm32f407xx_timer_driver.o
 .debug_aranges
                0x00000268       0xb8 ./Drivers/HAL_Drivers/src/stm32f407xx_usart_driver.o
 .debug_aranges
                0x00000320       0x20 ./Middleware/Schedular/CoperativeSchedular/src/sched.o
 .debug_aranges
                0x00000340       0x30 ./Middleware/Schedular/CoperativeSchedular/src/task.o
 .debug_aranges
                0x00000370       0x38 ./Src/015uart_tx2.o
 .debug_aranges
                0x000003a8       0xb0 ./Src/syscalls.o
 .debug_aranges
                0x00000458       0x20 ./Src/sysmem.o
 .debug_aranges
                0x00000478       0x28 ./Startup/startup_stm32f407vgtx.o

.debug_rnglists
                0x00000000      0x33f
 .debug_rnglists
                0x00000000       0x51 ./Core/EventManagement/src/EventManagement.o
 .debug_rnglists
                0x00000051       0x37 ./Core/ModeManagement/src/ModeManagement.o
 .debug_rnglists
                0x00000088       0x71 ./Drivers/BSP/src/lcd.o
 .debug_rnglists
                0x000000f9       0x53 ./Drivers/HAL_Drivers/src/stm32f407xx_gpio_driver.o
 .debug_rnglists
                0x0000014c       0x21 ./Drivers/HAL_Drivers/src/stm32f407xx_rcc_driver.o
 .debug_rnglists
                0x0000016d       0x43 ./Drivers/HAL_Drivers/src/stm32f407xx_timer_driver.o
 .debug_rnglists
                0x000001b0       0x8c ./Drivers/HAL_Drivers/src/stm32f407xx_usart_driver.o
 .debug_rnglists
                0x0000023c       0x13 ./Middleware/Schedular/CoperativeSchedular/src/sched.o
 .debug_rnglists
                0x0000024f       0x1f ./Middleware/Schedular/CoperativeSchedular/src/task.o
 .debug_rnglists
                0x0000026e       0x26 ./Src/015uart_tx2.o
 .debug_rnglists
                0x00000294       0x7f ./Src/syscalls.o
 .debug_rnglists
                0x00000313       0x13 ./Src/sysmem.o
 .debug_rnglists
                0x00000326       0x19 ./Startup/startup_stm32f407vgtx.o

.debug_macro    0x00000000     0x43d7
 .debug_macro   0x00000000      0x1cb ./Core/EventManagement/src/EventManagement.o
 .debug_macro   0x000001cb      0xad8 ./Core/EventManagement/src/EventManagement.o
 .debug_macro   0x00000ca3       0x22 ./Core/EventManagement/src/EventManagement.o
 .debug_macro   0x00000cc5       0x8e ./Core/EventManagement/src/EventManagement.o
 .debug_macro   0x00000d53       0x51 ./Core/EventManagement/src/EventManagement.o
 .debug_macro   0x00000da4      0x103 ./Core/EventManagement/src/EventManagement.o
 .debug_macro   0x00000ea7       0x6a ./Core/EventManagement/src/EventManagement.o
 .debug_macro   0x00000f11      0x1df ./Core/EventManagement/src/EventManagement.o
 .debug_macro   0x000010f0      0x190 ./Core/EventManagement/src/EventManagement.o
 .debug_macro   0x00001280      0x674 ./Core/EventManagement/src/EventManagement.o
 .debug_macro   0x000018f4      0x102 ./Core/EventManagement/src/EventManagement.o
 .debug_macro   0x000019f6       0x90 ./Core/EventManagement/src/EventManagement.o
 .debug_macro   0x00001a86       0xc4 ./Core/EventManagement/src/EventManagement.o
 .debug_macro   0x00001b4a       0x22 ./Core/EventManagement/src/EventManagement.o
 .debug_macro   0x00001b6c       0x22 ./Core/EventManagement/src/EventManagement.o
 .debug_macro   0x00001b8e       0x5e ./Core/EventManagement/src/EventManagement.o
 .debug_macro   0x00001bec       0x61 ./Core/EventManagement/src/EventManagement.o
 .debug_macro   0x00001c4d       0x24 ./Core/EventManagement/src/EventManagement.o
 .debug_macro   0x00001c71       0x43 ./Core/EventManagement/src/EventManagement.o
 .debug_macro   0x00001cb4       0x34 ./Core/EventManagement/src/EventManagement.o
 .debug_macro   0x00001ce8      0x370 ./Core/EventManagement/src/EventManagement.o
 .debug_macro   0x00002058       0x16 ./Core/EventManagement/src/EventManagement.o
 .debug_macro   0x0000206e       0x4a ./Core/EventManagement/src/EventManagement.o
 .debug_macro   0x000020b8       0x34 ./Core/EventManagement/src/EventManagement.o
 .debug_macro   0x000020ec       0x10 ./Core/EventManagement/src/EventManagement.o
 .debug_macro   0x000020fc       0x58 ./Core/EventManagement/src/EventManagement.o
 .debug_macro   0x00002154       0x8e ./Core/EventManagement/src/EventManagement.o
 .debug_macro   0x000021e2       0x1c ./Core/EventManagement/src/EventManagement.o
 .debug_macro   0x000021fe      0x185 ./Core/EventManagement/src/EventManagement.o
 .debug_macro   0x00002383       0x10 ./Core/EventManagement/src/EventManagement.o
 .debug_macro   0x00002393       0x3c ./Core/EventManagement/src/EventManagement.o
 .debug_macro   0x000023cf       0x20 ./Core/EventManagement/src/EventManagement.o
 .debug_macro   0x000023ef       0x58 ./Core/EventManagement/src/EventManagement.o
 .debug_macro   0x00002447       0xc8 ./Core/EventManagement/src/EventManagement_Cfg.o
 .debug_macro   0x0000250f      0x1f3 ./Core/ModeManagement/src/ModeManagement.o
 .debug_macro   0x00002702       0x28 ./Core/ModeManagement/src/ModeManagement.o
 .debug_macro   0x0000272a       0x1c ./Core/ModeManagement/src/ModeManagement.o
 .debug_macro   0x00002746       0x10 ./Core/ModeManagement/src/ModeManagement.o
 .debug_macro   0x00002756       0x1c ./Core/ModeManagement/src/ModeManagement.o
 .debug_macro   0x00002772       0x16 ./Core/ModeManagement/src/ModeManagement.o
 .debug_macro   0x00002788      0x146 ./Core/ModeManagement/src/ModeManagement.o
 .debug_macro   0x000028ce      0x194 ./Drivers/BSP/src/lcd.o
 .debug_macro   0x00002a62      0x108 ./Drivers/BSP/src/lcd.o
 .debug_macro   0x00002b6a       0xb3 ./Drivers/HAL_Drivers/src/stm32f407xx_gpio_driver.o
 .debug_macro   0x00002c1d       0xad ./Drivers/HAL_Drivers/src/stm32f407xx_rcc_driver.o
 .debug_macro   0x00002cca       0xb3 ./Drivers/HAL_Drivers/src/stm32f407xx_timer_driver.o
 .debug_macro   0x00002d7d       0xb3 ./Drivers/HAL_Drivers/src/stm32f407xx_usart_driver.o
 .debug_macro   0x00002e30       0x8a ./Middleware/Schedular/CoperativeSchedular/src/sched.o
 .debug_macro   0x00002eba       0x10 ./Middleware/Schedular/CoperativeSchedular/src/sched.o
 .debug_macro   0x00002eca       0xd0 ./Middleware/Schedular/CoperativeSchedular/src/task.o
 .debug_macro   0x00002f9a      0x1f3 ./Src/015uart_tx2.o
 .debug_macro   0x0000318d       0x5b ./Src/015uart_tx2.o
 .debug_macro   0x000031e8       0x94 ./Src/015uart_tx2.o
 .debug_macro   0x0000327c       0x16 ./Src/015uart_tx2.o
 .debug_macro   0x00003292       0x57 ./Src/015uart_tx2.o
 .debug_macro   0x000032e9       0x9e ./Src/015uart_tx2.o
 .debug_macro   0x00003387      0x112 ./Src/015uart_tx2.o
 .debug_macro   0x00003499       0x16 ./Src/015uart_tx2.o
 .debug_macro   0x000034af       0x16 ./Src/015uart_tx2.o
 .debug_macro   0x000034c5       0x5e ./Src/015uart_tx2.o
 .debug_macro   0x00003523      0x286 ./Src/syscalls.o
 .debug_macro   0x000037a9       0x10 ./Src/syscalls.o
 .debug_macro   0x000037b9       0x10 ./Src/syscalls.o
 .debug_macro   0x000037c9       0x10 ./Src/syscalls.o
 .debug_macro   0x000037d9       0x10 ./Src/syscalls.o
 .debug_macro   0x000037e9       0x1c ./Src/syscalls.o
 .debug_macro   0x00003805       0x52 ./Src/syscalls.o
 .debug_macro   0x00003857       0x22 ./Src/syscalls.o
 .debug_macro   0x00003879       0x10 ./Src/syscalls.o
 .debug_macro   0x00003889       0x52 ./Src/syscalls.o
 .debug_macro   0x000038db       0xcf ./Src/syscalls.o
 .debug_macro   0x000039aa       0x1c ./Src/syscalls.o
 .debug_macro   0x000039c6       0x3d ./Src/syscalls.o
 .debug_macro   0x00003a03       0x35 ./Src/syscalls.o
 .debug_macro   0x00003a38      0x12c ./Src/syscalls.o
 .debug_macro   0x00003b64       0x16 ./Src/syscalls.o
 .debug_macro   0x00003b7a       0x16 ./Src/syscalls.o
 .debug_macro   0x00003b90       0x29 ./Src/syscalls.o
 .debug_macro   0x00003bb9       0x10 ./Src/syscalls.o
 .debug_macro   0x00003bc9      0x242 ./Src/syscalls.o
 .debug_macro   0x00003e0b       0x10 ./Src/syscalls.o
 .debug_macro   0x00003e1b      0x18a ./Src/syscalls.o
 .debug_macro   0x00003fa5       0x16 ./Src/syscalls.o
 .debug_macro   0x00003fbb       0xce ./Src/syscalls.o
 .debug_macro   0x00004089      0x112 ./Src/sysmem.o
 .debug_macro   0x0000419b      0x23c ./Src/sysmem.o

.debug_line     0x00000000     0x6b91
 .debug_line    0x00000000      0x998 ./Core/EventManagement/src/EventManagement.o
 .debug_line    0x00000998      0x54d ./Core/EventManagement/src/EventManagement_Cfg.o
 .debug_line    0x00000ee5      0xd0f ./Core/ModeManagement/src/ModeManagement.o
 .debug_line    0x00001bf4      0x9f3 ./Drivers/BSP/src/lcd.o
 .debug_line    0x000025e7      0xa0f ./Drivers/HAL_Drivers/src/stm32f407xx_gpio_driver.o
 .debug_line    0x00002ff6      0x5cd ./Drivers/HAL_Drivers/src/stm32f407xx_rcc_driver.o
 .debug_line    0x000035c3      0x673 ./Drivers/HAL_Drivers/src/stm32f407xx_timer_driver.o
 .debug_line    0x00003c36      0xc22 ./Drivers/HAL_Drivers/src/stm32f407xx_usart_driver.o
 .debug_line    0x00004858      0x55e ./Middleware/Schedular/CoperativeSchedular/src/sched.o
 .debug_line    0x00004db6      0x601 ./Middleware/Schedular/CoperativeSchedular/src/task.o
 .debug_line    0x000053b7      0x8f6 ./Src/015uart_tx2.o
 .debug_line    0x00005cad      0x8e6 ./Src/syscalls.o
 .debug_line    0x00006593      0x583 ./Src/sysmem.o
 .debug_line    0x00006b16       0x7b ./Startup/startup_stm32f407vgtx.o

.debug_str      0x00000000     0xd13f
 .debug_str     0x00000000     0xd13f ./Core/EventManagement/src/EventManagement.o
                               0x9ef9 (size before relaxing)
 .debug_str     0x0000d13f     0x671f ./Core/EventManagement/src/EventManagement_Cfg.o
 .debug_str     0x0000d13f     0xa6be ./Core/ModeManagement/src/ModeManagement.o
 .debug_str     0x0000d13f     0x9b5b ./Drivers/BSP/src/lcd.o
 .debug_str     0x0000d13f     0x68b3 ./Drivers/HAL_Drivers/src/stm32f407xx_gpio_driver.o
 .debug_str     0x0000d13f     0x66f3 ./Drivers/HAL_Drivers/src/stm32f407xx_rcc_driver.o
 .debug_str     0x0000d13f     0x6737 ./Drivers/HAL_Drivers/src/stm32f407xx_timer_driver.o
 .debug_str     0x0000d13f     0x6a87 ./Drivers/HAL_Drivers/src/stm32f407xx_usart_driver.o
 .debug_str     0x0000d13f     0x3e43 ./Middleware/Schedular/CoperativeSchedular/src/sched.o
 .debug_str     0x0000d13f     0x6890 ./Middleware/Schedular/CoperativeSchedular/src/task.o
 .debug_str     0x0000d13f     0xa276 ./Src/015uart_tx2.o
 .debug_str     0x0000d13f     0x9a58 ./Src/syscalls.o
 .debug_str     0x0000d13f     0x7748 ./Src/sysmem.o
 .debug_str     0x0000d13f       0x86 ./Startup/startup_stm32f407vgtx.o

.comment        0x00000000       0x43
 .comment       0x00000000       0x43 ./Core/EventManagement/src/EventManagement.o
                                 0x44 (size before relaxing)
 .comment       0x00000043       0x44 ./Core/EventManagement/src/EventManagement_Cfg.o
 .comment       0x00000043       0x44 ./Core/ModeManagement/src/ModeManagement.o
 .comment       0x00000043       0x44 ./Drivers/BSP/src/lcd.o
 .comment       0x00000043       0x44 ./Drivers/HAL_Drivers/src/stm32f407xx_gpio_driver.o
 .comment       0x00000043       0x44 ./Drivers/HAL_Drivers/src/stm32f407xx_rcc_driver.o
 .comment       0x00000043       0x44 ./Drivers/HAL_Drivers/src/stm32f407xx_timer_driver.o
 .comment       0x00000043       0x44 ./Drivers/HAL_Drivers/src/stm32f407xx_usart_driver.o
 .comment       0x00000043       0x44 ./Middleware/Schedular/CoperativeSchedular/src/sched.o
 .comment       0x00000043       0x44 ./Middleware/Schedular/CoperativeSchedular/src/task.o
 .comment       0x00000043       0x44 ./Src/015uart_tx2.o
 .comment       0x00000043       0x44 ./Src/syscalls.o
 .comment       0x00000043       0x44 ./Src/sysmem.o

.debug_frame    0x00000000     0x183c
 .debug_frame   0x00000000      0x16c ./Core/EventManagement/src/EventManagement.o
 .debug_frame   0x0000016c      0x108 ./Core/ModeManagement/src/ModeManagement.o
 .debug_frame   0x00000274      0x230 ./Drivers/BSP/src/lcd.o
 .debug_frame   0x000004a4      0x1c8 ./Drivers/HAL_Drivers/src/stm32f407xx_gpio_driver.o
 .debug_frame   0x0000066c       0x7c ./Drivers/HAL_Drivers/src/stm32f407xx_rcc_driver.o
 .debug_frame   0x000006e8      0x130 ./Drivers/HAL_Drivers/src/stm32f407xx_timer_driver.o
 .debug_frame   0x00000818      0x2f0 ./Drivers/HAL_Drivers/src/stm32f407xx_usart_driver.o
 .debug_frame   0x00000b08       0x30 ./Middleware/Schedular/CoperativeSchedular/src/sched.o
 .debug_frame   0x00000b38       0x64 ./Middleware/Schedular/CoperativeSchedular/src/task.o
 .debug_frame   0x00000b9c       0xa4 ./Src/015uart_tx2.o
 .debug_frame   0x00000c40      0x2d4 ./Src/syscalls.o
 .debug_frame   0x00000f14       0x34 ./Src/sysmem.o
 .debug_frame   0x00000f48      0x144 C:/ST/STM32CubeIDE_1.18.1/STM32CubeIDE/plugins/com.st.stm32cube.ide.mcu.externaltools.gnu-tools-for-stm32.13.3.rel1.win32_1.0.0.202411081344/tools/bin/../lib/gcc/arm-none-eabi/13.3.1/../../../../arm-none-eabi/lib/thumb/v7e-m/nofp\libc_nano.a(libc_a-findfp.o)
 .debug_frame   0x0000108c       0x34 C:/ST/STM32CubeIDE_1.18.1/STM32CubeIDE/plugins/com.st.stm32cube.ide.mcu.externaltools.gnu-tools-for-stm32.13.3.rel1.win32_1.0.0.202411081344/tools/bin/../lib/gcc/arm-none-eabi/13.3.1/../../../../arm-none-eabi/lib/thumb/v7e-m/nofp\libc_nano.a(libc_a-fwalk.o)
 .debug_frame   0x000010c0       0x3c C:/ST/STM32CubeIDE_1.18.1/STM32CubeIDE/plugins/com.st.stm32cube.ide.mcu.externaltools.gnu-tools-for-stm32.13.3.rel1.win32_1.0.0.202411081344/tools/bin/../lib/gcc/arm-none-eabi/13.3.1/../../../../arm-none-eabi/lib/thumb/v7e-m/nofp\libc_nano.a(libc_a-puts.o)
 .debug_frame   0x000010fc       0x74 C:/ST/STM32CubeIDE_1.18.1/STM32CubeIDE/plugins/com.st.stm32cube.ide.mcu.externaltools.gnu-tools-for-stm32.13.3.rel1.win32_1.0.0.202411081344/tools/bin/../lib/gcc/arm-none-eabi/13.3.1/../../../../arm-none-eabi/lib/thumb/v7e-m/nofp\libc_nano.a(libc_a-sprintf.o)
 .debug_frame   0x00001170       0x88 C:/ST/STM32CubeIDE_1.18.1/STM32CubeIDE/plugins/com.st.stm32cube.ide.mcu.externaltools.gnu-tools-for-stm32.13.3.rel1.win32_1.0.0.202411081344/tools/bin/../lib/gcc/arm-none-eabi/13.3.1/../../../../arm-none-eabi/lib/thumb/v7e-m/nofp\libc_nano.a(libc_a-stdio.o)
 .debug_frame   0x000011f8       0x40 C:/ST/STM32CubeIDE_1.18.1/STM32CubeIDE/plugins/com.st.stm32cube.ide.mcu.externaltools.gnu-tools-for-stm32.13.3.rel1.win32_1.0.0.202411081344/tools/bin/../lib/gcc/arm-none-eabi/13.3.1/../../../../arm-none-eabi/lib/thumb/v7e-m/nofp\libc_nano.a(libc_a-wbuf.o)
 .debug_frame   0x00001238       0x2c C:/ST/STM32CubeIDE_1.18.1/STM32CubeIDE/plugins/com.st.stm32cube.ide.mcu.externaltools.gnu-tools-for-stm32.13.3.rel1.win32_1.0.0.202411081344/tools/bin/../lib/gcc/arm-none-eabi/13.3.1/../../../../arm-none-eabi/lib/thumb/v7e-m/nofp\libc_nano.a(libc_a-wsetup.o)
 .debug_frame   0x00001264       0x20 C:/ST/STM32CubeIDE_1.18.1/STM32CubeIDE/plugins/com.st.stm32cube.ide.mcu.externaltools.gnu-tools-for-stm32.13.3.rel1.win32_1.0.0.202411081344/tools/bin/../lib/gcc/arm-none-eabi/13.3.1/../../../../arm-none-eabi/lib/thumb/v7e-m/nofp\libc_nano.a(libc_a-memset.o)
 .debug_frame   0x00001284       0x28 C:/ST/STM32CubeIDE_1.18.1/STM32CubeIDE/plugins/com.st.stm32cube.ide.mcu.externaltools.gnu-tools-for-stm32.13.3.rel1.win32_1.0.0.202411081344/tools/bin/../lib/gcc/arm-none-eabi/13.3.1/../../../../arm-none-eabi/lib/thumb/v7e-m/nofp\libc_nano.a(libc_a-strcat.o)
 .debug_frame   0x000012ac       0x2c C:/ST/STM32CubeIDE_1.18.1/STM32CubeIDE/plugins/com.st.stm32cube.ide.mcu.externaltools.gnu-tools-for-stm32.13.3.rel1.win32_1.0.0.202411081344/tools/bin/../lib/gcc/arm-none-eabi/13.3.1/../../../../arm-none-eabi/lib/thumb/v7e-m/nofp\libc_nano.a(libc_a-closer.o)
 .debug_frame   0x000012d8       0x38 C:/ST/STM32CubeIDE_1.18.1/STM32CubeIDE/plugins/com.st.stm32cube.ide.mcu.externaltools.gnu-tools-for-stm32.13.3.rel1.win32_1.0.0.202411081344/tools/bin/../lib/gcc/arm-none-eabi/13.3.1/../../../../arm-none-eabi/lib/thumb/v7e-m/nofp\libc_nano.a(libc_a-reent.o)
 .debug_frame   0x00001310       0x2c C:/ST/STM32CubeIDE_1.18.1/STM32CubeIDE/plugins/com.st.stm32cube.ide.mcu.externaltools.gnu-tools-for-stm32.13.3.rel1.win32_1.0.0.202411081344/tools/bin/../lib/gcc/arm-none-eabi/13.3.1/../../../../arm-none-eabi/lib/thumb/v7e-m/nofp\libc_nano.a(libc_a-lseekr.o)
 .debug_frame   0x0000133c       0x2c C:/ST/STM32CubeIDE_1.18.1/STM32CubeIDE/plugins/com.st.stm32cube.ide.mcu.externaltools.gnu-tools-for-stm32.13.3.rel1.win32_1.0.0.202411081344/tools/bin/../lib/gcc/arm-none-eabi/13.3.1/../../../../arm-none-eabi/lib/thumb/v7e-m/nofp\libc_nano.a(libc_a-readr.o)
 .debug_frame   0x00001368       0x2c C:/ST/STM32CubeIDE_1.18.1/STM32CubeIDE/plugins/com.st.stm32cube.ide.mcu.externaltools.gnu-tools-for-stm32.13.3.rel1.win32_1.0.0.202411081344/tools/bin/../lib/gcc/arm-none-eabi/13.3.1/../../../../arm-none-eabi/lib/thumb/v7e-m/nofp\libc_nano.a(libc_a-writer.o)
 .debug_frame   0x00001394       0x20 C:/ST/STM32CubeIDE_1.18.1/STM32CubeIDE/plugins/com.st.stm32cube.ide.mcu.externaltools.gnu-tools-for-stm32.13.3.rel1.win32_1.0.0.202411081344/tools/bin/../lib/gcc/arm-none-eabi/13.3.1/../../../../arm-none-eabi/lib/thumb/v7e-m/nofp\libc_nano.a(libc_a-errno.o)
 .debug_frame   0x000013b4       0x2c C:/ST/STM32CubeIDE_1.18.1/STM32CubeIDE/plugins/com.st.stm32cube.ide.mcu.externaltools.gnu-tools-for-stm32.13.3.rel1.win32_1.0.0.202411081344/tools/bin/../lib/gcc/arm-none-eabi/13.3.1/../../../../arm-none-eabi/lib/thumb/v7e-m/nofp\libc_nano.a(libc_a-init.o)
 .debug_frame   0x000013e0       0xb0 C:/ST/STM32CubeIDE_1.18.1/STM32CubeIDE/plugins/com.st.stm32cube.ide.mcu.externaltools.gnu-tools-for-stm32.13.3.rel1.win32_1.0.0.202411081344/tools/bin/../lib/gcc/arm-none-eabi/13.3.1/../../../../arm-none-eabi/lib/thumb/v7e-m/nofp\libc_nano.a(libc_a-lock.o)
 .debug_frame   0x00001490       0x20 C:/ST/STM32CubeIDE_1.18.1/STM32CubeIDE/plugins/com.st.stm32cube.ide.mcu.externaltools.gnu-tools-for-stm32.13.3.rel1.win32_1.0.0.202411081344/tools/bin/../lib/gcc/arm-none-eabi/13.3.1/../../../../arm-none-eabi/lib/thumb/v7e-m/nofp\libc_nano.a(libc_a-strcpy.o)
 .debug_frame   0x000014b0       0x28 C:/ST/STM32CubeIDE_1.18.1/STM32CubeIDE/plugins/com.st.stm32cube.ide.mcu.externaltools.gnu-tools-for-stm32.13.3.rel1.win32_1.0.0.202411081344/tools/bin/../lib/gcc/arm-none-eabi/13.3.1/../../../../arm-none-eabi/lib/thumb/v7e-m/nofp\libc_nano.a(libc_a-memcpy-stub.o)
 .debug_frame   0x000014d8       0x38 C:/ST/STM32CubeIDE_1.18.1/STM32CubeIDE/plugins/com.st.stm32cube.ide.mcu.externaltools.gnu-tools-for-stm32.13.3.rel1.win32_1.0.0.202411081344/tools/bin/../lib/gcc/arm-none-eabi/13.3.1/../../../../arm-none-eabi/lib/thumb/v7e-m/nofp\libc_nano.a(libc_a-freer.o)
 .debug_frame   0x00001510       0x50 C:/ST/STM32CubeIDE_1.18.1/STM32CubeIDE/plugins/com.st.stm32cube.ide.mcu.externaltools.gnu-tools-for-stm32.13.3.rel1.win32_1.0.0.202411081344/tools/bin/../lib/gcc/arm-none-eabi/13.3.1/../../../../arm-none-eabi/lib/thumb/v7e-m/nofp\libc_nano.a(libc_a-mallocr.o)
 .debug_frame   0x00001560       0x30 C:/ST/STM32CubeIDE_1.18.1/STM32CubeIDE/plugins/com.st.stm32cube.ide.mcu.externaltools.gnu-tools-for-stm32.13.3.rel1.win32_1.0.0.202411081344/tools/bin/../lib/gcc/arm-none-eabi/13.3.1/../../../../arm-none-eabi/lib/thumb/v7e-m/nofp\libc_nano.a(libc_a-mlock.o)
 .debug_frame   0x00001590       0x90 C:/ST/STM32CubeIDE_1.18.1/STM32CubeIDE/plugins/com.st.stm32cube.ide.mcu.externaltools.gnu-tools-for-stm32.13.3.rel1.win32_1.0.0.202411081344/tools/bin/../lib/gcc/arm-none-eabi/13.3.1/../../../../arm-none-eabi/lib/thumb/v7e-m/nofp\libc_nano.a(libc_a-nano-svfprintf.o)
 .debug_frame   0x00001620       0x60 C:/ST/STM32CubeIDE_1.18.1/STM32CubeIDE/plugins/com.st.stm32cube.ide.mcu.externaltools.gnu-tools-for-stm32.13.3.rel1.win32_1.0.0.202411081344/tools/bin/../lib/gcc/arm-none-eabi/13.3.1/../../../../arm-none-eabi/lib/thumb/v7e-m/nofp\libc_nano.a(libc_a-nano-vfprintf_i.o)
 .debug_frame   0x00001680       0x5c C:/ST/STM32CubeIDE_1.18.1/STM32CubeIDE/plugins/com.st.stm32cube.ide.mcu.externaltools.gnu-tools-for-stm32.13.3.rel1.win32_1.0.0.202411081344/tools/bin/../lib/gcc/arm-none-eabi/13.3.1/../../../../arm-none-eabi/lib/thumb/v7e-m/nofp\libc_nano.a(libc_a-fflush.o)
 .debug_frame   0x000016dc       0x58 C:/ST/STM32CubeIDE_1.18.1/STM32CubeIDE/plugins/com.st.stm32cube.ide.mcu.externaltools.gnu-tools-for-stm32.13.3.rel1.win32_1.0.0.202411081344/tools/bin/../lib/gcc/arm-none-eabi/13.3.1/../../../../arm-none-eabi/lib/thumb/v7e-m/nofp\libc_nano.a(libc_a-makebuf.o)
 .debug_frame   0x00001734       0x28 C:/ST/STM32CubeIDE_1.18.1/STM32CubeIDE/plugins/com.st.stm32cube.ide.mcu.externaltools.gnu-tools-for-stm32.13.3.rel1.win32_1.0.0.202411081344/tools/bin/../lib/gcc/arm-none-eabi/13.3.1/../../../../arm-none-eabi/lib/thumb/v7e-m/nofp\libc_nano.a(libc_a-memmove.o)