../Drivers/BSP/src/lcd.c:13:6:lcd_send_command	16	static
../Drivers/BSP/src/lcd.c:32:6:lcd_print_char	16	static
../Drivers/BSP/src/lcd.c:44:6:lcd_print_auto_wrap	24	static
../Drivers/BSP/src/lcd.c:73:6:lcd_print_string	16	static
../Drivers/BSP/src/lcd.c:85:6:lcd_init	24	static
../Drivers/BSP/src/lcd.c:162:13:write_4_bits	16	static
../Drivers/BSP/src/lcd.c:173:6:lcd_display_clear	8	static
../Drivers/BSP/src/lcd.c:188:6:lcd_display_return_home	8	static
../Drivers/BSP/src/lcd.c:205:6:lcd_set_cursor	24	static
../Drivers/BSP/src/lcd.c:214:13:lcd_enable	8	static
../Drivers/BSP/src/lcd.c:221:9:lcd_queue_size	4	static
../Drivers/BSP/src/lcd.c:225:9:lcd_enqueue_job	8	static
../Drivers/BSP/src/lcd.c:235:6:lcd_job_clear	8	static
../Drivers/BSP/src/lcd.c:239:6:lcd_process_jobs	8	static
../Drivers/BSP/src/lcd.c:299:13:mdelay	24	static
../Drivers/BSP/src/lcd.c:304:13:udelay	24	static
