../Drivers/BSP/src/lcd.c:12:6:lcd_send_command	16	static
../Drivers/BSP/src/lcd.c:31:6:lcd_print_char	16	static
../Drivers/BSP/src/lcd.c:43:6:lcd_print_auto_wrap	24	static
../Drivers/BSP/src/lcd.c:72:6:lcd_print_string	16	static
../Drivers/BSP/src/lcd.c:84:6:lcd_init	24	static
../Drivers/BSP/src/lcd.c:161:13:write_4_bits	16	static
../Drivers/BSP/src/lcd.c:172:6:lcd_display_clear	8	static
../Drivers/BSP/src/lcd.c:187:6:lcd_display_return_home	8	static
../Drivers/BSP/src/lcd.c:204:6:lcd_set_cursor	24	static
../Drivers/BSP/src/lcd.c:213:13:lcd_enable	8	static
../Drivers/BSP/src/lcd.c:221:9:lcd_enqueue_job	12	static
../Drivers/BSP/src/lcd.c:232:6:lcd_process_jobs	8	static
../Drivers/BSP/src/lcd.c:290:13:mdelay	24	static
../Drivers/BSP/src/lcd.c:295:13:udelay	24	static
