../Core/EventManagement/src/EventManagement.c:14:6:EventMngt_Init	16	static
../Core/EventManagement/src/EventManagement.c:32:9:EventMngt_ReadButton	24	static
../Core/EventManagement/src/EventManagement.c:42:6:EXTI0_IRQHandler	8	static
../Core/EventManagement/src/EventManagement.c:50:6:EXTI1_IRQHandler	8	static
../Core/EventManagement/src/EventManagement.c:58:6:EXTI2_IRQHandler	8	static
../Core/EventManagement/src/EventManagement.c:67:6:EXTI3_IRQHandler	8	static
../Core/EventManagement/src/EventManagement.c:75:6:EXTI4_IRQHandler	8	static
../Core/EventManagement/src/EventManagement.c:83:6:EXTI9_5_IRQHandler	8	static
../Core/EventManagement/src/EventManagement.c:91:6:EventMngt_Main	8	static
../Core/EventManagement/src/EventManagement.c:111:13:EventMngt_ButtonEvent	232	static
../Core/EventManagement/src/EventManagement.c:151:6:EventMngt_ButtonDebounceIRQ_CONFIG_BUTTON	16	static
