../Core/EventManagement/src/EventManagement.c:12:6:EventMngt_Init	16	static
../Core/EventManagement/src/EventManagement.c:28:9:EventMngt_ReadButton	24	static
../Core/EventManagement/src/EventManagement.c:38:6:EXTI0_IRQHandler	8	static
../Core/EventManagement/src/EventManagement.c:46:6:EXTI1_IRQHandler	8	static
../Core/EventManagement/src/EventManagement.c:54:6:EXTI2_IRQHandler	8	static
../Core/EventManagement/src/EventManagement.c:63:6:EXTI3_IRQHandler	8	static
../Core/EventManagement/src/EventManagement.c:71:6:EXTI4_IRQHandler	8	static
../Core/EventManagement/src/EventManagement.c:79:6:EXTI9_5_IRQHandler	8	static
../Core/EventManagement/src/EventManagement.c:87:6:EventMngt_Main	8	static
../Core/EventManagement/src/EventManagement.c:99:13:EventMngt_ButtonEvent	16	static
../Core/EventManagement/src/EventManagement.c:120:6:EventMngt_ButtonDebounceIRQ_CONFIG_BUTTON	16	static
