../Drivers/HAL_Drivers/src/stm32f407xx_usart_driver.c:21:6:USART_SetBaudRate	40	static
../Drivers/HAL_Drivers/src/stm32f407xx_usart_driver.c:98:6:USART_Init	24	static
../Drivers/HAL_Drivers/src/stm32f407xx_usart_driver.c:212:6:USART_PeripheralControl	16	static
../Drivers/HAL_Drivers/src/stm32f407xx_usart_driver.c:240:6:USART_PeriClockControl	16	static
../Drivers/HAL_Drivers/src/stm32f407xx_usart_driver.c:279:9:USART_GetFlagStatus	16	static
../Drivers/HAL_Drivers/src/stm32f407xx_usart_driver.c:289:6:USART_SendDataIT_Response	16	static
../Drivers/HAL_Drivers/src/stm32f407xx_usart_driver.c:310:6:USART_SendData	32	static
../Drivers/HAL_Drivers/src/stm32f407xx_usart_driver.c:373:6:USART_ReceiveData	32	static
../Drivers/HAL_Drivers/src/stm32f407xx_usart_driver.c:448:9:USART_SendDataIT	32	static
../Drivers/HAL_Drivers/src/stm32f407xx_usart_driver.c:471:6:USART_ReceiveDataIT_Request	16	static
../Drivers/HAL_Drivers/src/stm32f407xx_usart_driver.c:493:9:USART_ReceiveDataIT	32	static
../Drivers/HAL_Drivers/src/stm32f407xx_usart_driver.c:531:6:USART_ClearFlag	16	static
../Drivers/HAL_Drivers/src/stm32f407xx_usart_driver.c:551:6:USART_IRQInterruptConfig	16	static
../Drivers/HAL_Drivers/src/stm32f407xx_usart_driver.c:606:6:USART_IRQPriorityConfig	24	static
../Drivers/HAL_Drivers/src/stm32f407xx_usart_driver.c:632:6:USART_IRQHandling	32	static
../Drivers/HAL_Drivers/src/stm32f407xx_usart_driver.c:919:6:USART2_Init	8	static
../Drivers/HAL_Drivers/src/stm32f407xx_usart_driver.c:932:7:USART2_GPIOInit	24	static
../Drivers/HAL_Drivers/src/stm32f407xx_usart_driver.c:950:6:USART_Init_DCM	8	static
../Drivers/HAL_Drivers/src/stm32f407xx_usart_driver.c:960:6:USART2_IRQHandler	8	static
../Drivers/HAL_Drivers/src/stm32f407xx_usart_driver.c:979:13:USART_ApplicationEventCallback	16	static
